Component: ARM Compiler 5.06 update 7 (build 960) Tool: armlink [4d3601]

==============================================================================

Section Cross References

    startup_stm32f10x_md.o(RESET) refers to startup_stm32f10x_md.o(STACK) for __initial_sp
    startup_stm32f10x_md.o(RESET) refers to startup_stm32f10x_md.o(.text) for Reset_Handler
    startup_stm32f10x_md.o(RESET) refers to stm32f10x_it.o(i.NMI_Handler) for NMI_Handler
    startup_stm32f10x_md.o(RESET) refers to stm32f10x_it.o(i.HardFault_Handler) for HardFault_Handler
    startup_stm32f10x_md.o(RESET) refers to stm32f10x_it.o(i.MemManage_Handler) for MemManage_Handler
    startup_stm32f10x_md.o(RESET) refers to stm32f10x_it.o(i.BusFault_Handler) for BusFault_Handler
    startup_stm32f10x_md.o(RESET) refers to stm32f10x_it.o(i.UsageFault_Handler) for UsageFault_Handler
    startup_stm32f10x_md.o(RESET) refers to stm32f10x_it.o(i.SVC_Handler) for SVC_Handler
    startup_stm32f10x_md.o(RESET) refers to stm32f10x_it.o(i.DebugMon_Handler) for DebugMon_Handler
    startup_stm32f10x_md.o(RESET) refers to stm32f10x_it.o(i.PendSV_Handler) for PendSV_Handler
    startup_stm32f10x_md.o(RESET) refers to stm32f10x_it.o(i.SysTick_Handler) for SysTick_Handler
    startup_stm32f10x_md.o(RESET) refers to esp8266.o(i.USART1_IRQHandler) for USART1_IRQHandler
    startup_stm32f10x_md.o(.text) refers to system_stm32f10x.o(i.SystemInit) for SystemInit
    startup_stm32f10x_md.o(.text) refers to entry.o(.ARM.Collect$$$$00000000) for __main
    system_stm32f10x.o(i.SetSysClock) refers to system_stm32f10x.o(i.SetSysClockTo72) for SetSysClockTo72
    system_stm32f10x.o(i.SystemCoreClockUpdate) refers to system_stm32f10x.o(.data) for .data
    system_stm32f10x.o(i.SystemInit) refers to system_stm32f10x.o(i.SetSysClock) for SetSysClock
    stm32f10x_adc.o(i.ADC_DeInit) refers to stm32f10x_rcc.o(i.RCC_APB2PeriphResetCmd) for RCC_APB2PeriphResetCmd
    stm32f10x_bkp.o(i.BKP_DeInit) refers to stm32f10x_rcc.o(i.RCC_BackupResetCmd) for RCC_BackupResetCmd
    stm32f10x_can.o(i.CAN_DeInit) refers to stm32f10x_rcc.o(i.RCC_APB1PeriphResetCmd) for RCC_APB1PeriphResetCmd
    stm32f10x_can.o(i.CAN_GetITStatus) refers to stm32f10x_can.o(i.CheckITStatus) for CheckITStatus
    stm32f10x_cec.o(i.CEC_DeInit) refers to stm32f10x_rcc.o(i.RCC_APB1PeriphResetCmd) for RCC_APB1PeriphResetCmd
    stm32f10x_dac.o(i.DAC_DeInit) refers to stm32f10x_rcc.o(i.RCC_APB1PeriphResetCmd) for RCC_APB1PeriphResetCmd
    stm32f10x_flash.o(i.FLASH_EnableWriteProtection) refers to stm32f10x_flash.o(i.FLASH_WaitForLastOperation) for FLASH_WaitForLastOperation
    stm32f10x_flash.o(i.FLASH_EraseAllBank1Pages) refers to stm32f10x_flash.o(i.FLASH_WaitForLastBank1Operation) for FLASH_WaitForLastBank1Operation
    stm32f10x_flash.o(i.FLASH_EraseAllPages) refers to stm32f10x_flash.o(i.FLASH_WaitForLastOperation) for FLASH_WaitForLastOperation
    stm32f10x_flash.o(i.FLASH_EraseOptionBytes) refers to stm32f10x_flash.o(i.FLASH_GetReadOutProtectionStatus) for FLASH_GetReadOutProtectionStatus
    stm32f10x_flash.o(i.FLASH_EraseOptionBytes) refers to stm32f10x_flash.o(i.FLASH_WaitForLastOperation) for FLASH_WaitForLastOperation
    stm32f10x_flash.o(i.FLASH_ErasePage) refers to stm32f10x_flash.o(i.FLASH_WaitForLastOperation) for FLASH_WaitForLastOperation
    stm32f10x_flash.o(i.FLASH_ProgramHalfWord) refers to stm32f10x_flash.o(i.FLASH_WaitForLastOperation) for FLASH_WaitForLastOperation
    stm32f10x_flash.o(i.FLASH_ProgramOptionByteData) refers to stm32f10x_flash.o(i.FLASH_WaitForLastOperation) for FLASH_WaitForLastOperation
    stm32f10x_flash.o(i.FLASH_ProgramWord) refers to stm32f10x_flash.o(i.FLASH_WaitForLastOperation) for FLASH_WaitForLastOperation
    stm32f10x_flash.o(i.FLASH_ReadOutProtection) refers to stm32f10x_flash.o(i.FLASH_WaitForLastOperation) for FLASH_WaitForLastOperation
    stm32f10x_flash.o(i.FLASH_UserOptionByteConfig) refers to stm32f10x_flash.o(i.FLASH_WaitForLastOperation) for FLASH_WaitForLastOperation
    stm32f10x_flash.o(i.FLASH_WaitForLastBank1Operation) refers to stm32f10x_flash.o(i.FLASH_GetBank1Status) for FLASH_GetBank1Status
    stm32f10x_flash.o(i.FLASH_WaitForLastOperation) refers to stm32f10x_flash.o(i.FLASH_GetBank1Status) for FLASH_GetBank1Status
    stm32f10x_gpio.o(i.GPIO_AFIODeInit) refers to stm32f10x_rcc.o(i.RCC_APB2PeriphResetCmd) for RCC_APB2PeriphResetCmd
    stm32f10x_gpio.o(i.GPIO_DeInit) refers to stm32f10x_rcc.o(i.RCC_APB2PeriphResetCmd) for RCC_APB2PeriphResetCmd
    stm32f10x_i2c.o(i.I2C_DeInit) refers to stm32f10x_rcc.o(i.RCC_APB1PeriphResetCmd) for RCC_APB1PeriphResetCmd
    stm32f10x_i2c.o(i.I2C_Init) refers to stm32f10x_rcc.o(i.RCC_GetClocksFreq) for RCC_GetClocksFreq
    stm32f10x_pwr.o(i.PWR_DeInit) refers to stm32f10x_rcc.o(i.RCC_APB1PeriphResetCmd) for RCC_APB1PeriphResetCmd
    stm32f10x_rcc.o(i.RCC_GetClocksFreq) refers to stm32f10x_rcc.o(.data) for .data
[...]
    Removing stm32f10x_rcc.o(i.RCC_APB1PeriphResetCmd), (28 bytes).
    Removing stm32f10x_rcc.o(i.RCC_APB2PeriphResetCmd), (28 bytes).
    Removing stm32f10x_rcc.o(i.RCC_AdjustHSICalibrationValue), (20 bytes).
    Removing stm32f10x_rcc.o(i.RCC_BackupResetCmd), (12 bytes).
    Removing stm32f10x_rcc.o(i.RCC_ClearFlag), (16 bytes).
    Removing stm32f10x_rcc.o(i.RCC_ClearITPendingBit), (12 bytes).
    Removing stm32f10x_rcc.o(i.RCC_ClockSecuritySystemCmd), (12 bytes).
    Removing stm32f10x_rcc.o(i.RCC_DeInit), (64 bytes).
    Removing stm32f10x_rcc.o(i.RCC_GetFlagStatus), (48 bytes).
    Removing stm32f10x_rcc.o(i.RCC_GetITStatus), (20 bytes).
    Removing stm32f10x_rcc.o(i.RCC_GetSYSCLKSource), (16 bytes).
    Removing stm32f10x_rcc.o(i.RCC_HCLKConfig), (20 bytes).
    Removing stm32f10x_rcc.o(i.RCC_HSEConfig), (56 bytes).
    Removing stm32f10x_rcc.o(i.RCC_HSICmd), (12 bytes).
    Removing stm32f10x_rcc.o(i.RCC_ITConfig), (28 bytes).
    Removing stm32f10x_rcc.o(i.RCC_LSEConfig), (40 bytes).
    Removing stm32f10x_rcc.o(i.RCC_LSICmd), (12 bytes).
    Removing stm32f10x_rcc.o(i.RCC_MCOConfig), (12 bytes).
    Removing stm32f10x_rcc.o(i.RCC_PCLK1Config), (20 bytes).
    Removing stm32f10x_rcc.o(i.RCC_PCLK2Config), (20 bytes).
    Removing stm32f10x_rcc.o(i.RCC_PLLCmd), (12 bytes).
    Removing stm32f10x_rcc.o(i.RCC_PLLConfig), (20 bytes).
    Removing stm32f10x_rcc.o(i.RCC_RTCCLKCmd), (12 bytes).
    Removing stm32f10x_rcc.o(i.RCC_RTCCLKConfig), (16 bytes).
    Removing stm32f10x_rcc.o(i.RCC_SYSCLKConfig), (20 bytes).
    Removing stm32f10x_rcc.o(i.RCC_USBCLKConfig), (12 bytes).
    Removing stm32f10x_rcc.o(i.RCC_WaitForHSEStartUp), (48 bytes).
    Removing stm32f10x_rtc.o(i.RTC_ClearFlag), (16 bytes).
    Removing stm32f10x_rtc.o(i.RTC_ClearITPendingBit), (16 bytes).
    Removing stm32f10x_rtc.o(i.RTC_EnterConfigMode), (16 bytes).
    Removing stm32f10x_rtc.o(i.RTC_ExitConfigMode), (16 bytes).
    Removing stm32f10x_rtc.o(i.RTC_GetCounter), (20 bytes).
    Removing stm32f10x_rtc.o(i.RTC_GetDivider), (24 bytes).
    Removing stm32f10x_rtc.o(i.RTC_GetFlagStatus), (20 bytes).
    Removing stm32f10x_rtc.o(i.RTC_GetITStatus), (32 bytes).
    Removing stm32f10x_rtc.o(i.RTC_ITConfig), (28 bytes).
    Removing stm32f10x_rtc.o(i.RTC_SetAlarm), (32 bytes).
    Removing stm32f10x_rtc.o(i.RTC_SetCounter), (32 bytes).
    Removing stm32f10x_rtc.o(i.RTC_SetPrescaler), (32 bytes).
    Removing stm32f10x_rtc.o(i.RTC_WaitForLastTask), (16 bytes).
    Removing stm32f10x_rtc.o(i.RTC_WaitForSynchro), (24 bytes).
    Removing stm32f10x_sdio.o(i.SDIO_CEATAITCmd), (16 bytes).
    Removing stm32f10x_sdio.o(i.SDIO_ClearFlag), (12 bytes).
    Removing stm32f10x_sdio.o(i.SDIO_ClearITPendingBit), (12 bytes).
    Removing stm32f10x_sdio.o(i.SDIO_ClockCmd), (12 bytes).
    Removing stm32f10x_sdio.o(i.SDIO_CmdStructInit), (14 bytes).
    Removing stm32f10x_sdio.o(i.SDIO_CommandCompletionCmd), (12 bytes).
    Removing stm32f10x_sdio.o(i.SDIO_DMACmd), (12 bytes).
    Removing stm32f10x_sdio.o(i.SDIO_DataConfig), (44 bytes).
    Removing stm32f10x_sdio.o(i.SDIO_DataStructInit), (20 bytes).
    Removing stm32f10x_sdio.o(i.SDIO_DeInit), (36 bytes).
    Removing stm32f10x_sdio.o(i.SDIO_GetCommandResponse), (12 bytes).
    Removing stm32f10x_sdio.o(i.SDIO_GetDataCounter), (12 bytes).
    Removing stm32f10x_sdio.o(i.SDIO_GetFIFOCount), (12 bytes).
    Removing stm32f10x_sdio.o(i.SDIO_GetFlagStatus), (20 bytes).
    Removing stm32f10x_sdio.o(i.SDIO_GetITStatus), (20 bytes).
    Removing stm32f10x_sdio.o(i.SDIO_GetPowerState), (16 bytes).
    Removing stm32f10x_sdio.o(i.SDIO_GetResponse), (20 bytes).
    Removing stm32f10x_sdio.o(i.SDIO_ITConfig), (28 bytes).
    Removing stm32f10x_sdio.o(i.SDIO_Init), (44 bytes).
    Removing stm32f10x_sdio.o(i.SDIO_ReadData), (12 bytes).
    Removing stm32f10x_sdio.o(i.SDIO_SendCEATACmd), (12 bytes).
    Removing stm32f10x_sdio.o(i.SDIO_SendCommand), (40 bytes).
    Removing stm32f10x_sdio.o(i.SDIO_SendSDIOSuspendCmd), (12 bytes).
    Removing stm32f10x_sdio.o(i.SDIO_SetPowerState), (24 bytes).
    Removing stm32f10x_sdio.o(i.SDIO_SetSDIOOperation), (12 bytes).
    Removing stm32f10x_sdio.o(i.SDIO_SetSDIOReadWaitMode), (12 bytes).
    Removing stm32f10x_sdio.o(i.SDIO_StartSDIOReadWait), (12 bytes).
    Removing stm32f10x_sdio.o(i.SDIO_StopSDIOReadWait), (12 bytes).
    Removing stm32f10x_sdio.o(i.SDIO_StructInit), (16 bytes).
    Removing stm32f10x_sdio.o(i.SDIO_WriteData), (12 bytes).
    Removing stm32f10x_spi.o(i.I2S_Cmd), (24 bytes).
    Removing stm32f10x_spi.o(i.I2S_Init), (168 bytes).
    Removing stm32f10x_spi.o(i.I2S_StructInit), (18 bytes).
    Removing stm32f10x_spi.o(i.SPI_BiDirectionalLineConfig), (26 bytes).
    Removing stm32f10x_spi.o(i.SPI_CalculateCRC), (24 bytes).
    Removing stm32f10x_spi.o(i.SPI_Cmd), (24 bytes).
    Removing stm32f10x_spi.o(i.SPI_DataSizeConfig), (16 bytes).
    Removing stm32f10x_spi.o(i.SPI_GetCRC), (12 bytes).
    Removing stm32f10x_spi.o(i.SPI_GetCRCPolynomial), (4 bytes).
    Removing stm32f10x_spi.o(i.SPI_I2S_ClearFlag), (6 bytes).
    Removing stm32f10x_spi.o(i.SPI_I2S_ClearITPendingBit), (14 bytes).
    Removing stm32f10x_spi.o(i.SPI_I2S_DMACmd), (20 bytes).
    Removing stm32f10x_spi.o(i.SPI_I2S_DeInit), (100 bytes).
    Removing stm32f10x_spi.o(i.SPI_I2S_GetFlagStatus), (14 bytes).
    Removing stm32f10x_spi.o(i.SPI_I2S_GetITStatus), (44 bytes).
    Removing stm32f10x_spi.o(i.SPI_I2S_ITConfig), (28 bytes).
    Removing stm32f10x_spi.o(i.SPI_I2S_ReceiveData), (4 bytes).
    Removing stm32f10x_spi.o(i.SPI_I2S_SendData), (4 bytes).
    Removing stm32f10x_spi.o(i.SPI_Init), (56 bytes).
    Removing stm32f10x_spi.o(i.SPI_NSSInternalSoftwareConfig), (28 bytes).
    Removing stm32f10x_spi.o(i.SPI_SSOutputCmd), (24 bytes).
    Removing stm32f10x_spi.o(i.SPI_StructInit), (24 bytes).
    Removing stm32f10x_spi.o(i.SPI_TransmitCRC), (10 bytes).
    Removing stm32f10x_tim.o(i.TI1_Config), (116 bytes).
    Removing stm32f10x_tim.o(i.TI2_Config), (124 bytes).
    Removing stm32f10x_tim.o(i.TI3_Config), (120 bytes).
    Removing stm32f10x_tim.o(i.TI4_Config), (124 bytes).
    Removing stm32f10x_tim.o(i.TIM_ARRPreloadConfig), (24 bytes).
    Removing stm32f10x_tim.o(i.TIM_BDTRConfig), (34 bytes).
    Removing stm32f10x_tim.o(i.TIM_BDTRStructInit), (18 bytes).
    Removing stm32f10x_tim.o(i.TIM_CCPreloadControl), (24 bytes).
    Removing stm32f10x_tim.o(i.TIM_CCxCmd), (22 bytes).
    Removing stm32f10x_tim.o(i.TIM_CCxNCmd), (22 bytes).
    Removing stm32f10x_tim.o(i.TIM_ClearFlag), (6 bytes).
    Removing stm32f10x_tim.o(i.TIM_ClearITPendingBit), (6 bytes).
    Removing stm32f10x_tim.o(i.TIM_ClearOC1Ref), (12 bytes).
    Removing stm32f10x_tim.o(i.TIM_ClearOC2Ref), (20 bytes).
    Removing stm32f10x_tim.o(i.TIM_ClearOC3Ref), (12 bytes).
    Removing stm32f10x_tim.o(i.TIM_ClearOC4Ref), (20 bytes).
    Removing stm32f10x_tim.o(i.TIM_Cmd), (24 bytes).
    Removing stm32f10x_tim.o(i.TIM_CounterModeConfig), (12 bytes).
    Removing stm32f10x_tim.o(i.TIM_CtrlPWMOutputs), (28 bytes).
    Removing stm32f10x_tim.o(i.TIM_DMACmd), (20 bytes).
    Removing stm32f10x_tim.o(i.TIM_DMAConfig), (8 bytes).
    Removing stm32f10x_tim.o(i.TIM_DeInit), (528 bytes).
    Removing stm32f10x_tim.o(i.TIM_ETRClockMode1Config), (32 bytes).
    Removing stm32f10x_tim.o(i.TIM_ETRClockMode2Config), (20 bytes).
    Removing stm32f10x_tim.o(i.TIM_ETRConfig), (24 bytes).
    Removing stm32f10x_tim.o(i.TIM_EncoderInterfaceConfig), (50 bytes).
    Removing stm32f10x_tim.o(i.TIM_ForcedOC1Config), (12 bytes).
    Removing stm32f10x_tim.o(i.TIM_ForcedOC2Config), (20 bytes).
    Removing stm32f10x_tim.o(i.TIM_ForcedOC3Config), (12 bytes).
    Removing stm32f10x_tim.o(i.TIM_ForcedOC4Config), (20 bytes).
    Removing stm32f10x_tim.o(i.TIM_GenerateEvent), (4 bytes).
    Removing stm32f10x_tim.o(i.TIM_GetCapture1), (4 bytes).
    Removing stm32f10x_tim.o(i.TIM_GetCapture2), (4 bytes).
    Removing stm32f10x_tim.o(i.TIM_GetCapture3), (4 bytes).
    Removing stm32f10x_tim.o(i.TIM_GetCapture4), (6 bytes).
    Removing stm32f10x_tim.o(i.TIM_GetCounter), (4 bytes).
    Removing stm32f10x_tim.o(i.TIM_GetFlagStatus), (14 bytes).
    Removing stm32f10x_tim.o(i.TIM_GetITStatus), (24 bytes).
    Removing stm32f10x_tim.o(i.TIM_GetPrescaler), (4 bytes).
    Removing stm32f10x_tim.o(i.TIM_ICInit), (140 bytes).
    Removing stm32f10x_tim.o(i.TIM_ICStructInit), (16 bytes).
    Removing stm32f10x_tim.o(i.TIM_ITConfig), (20 bytes).
    Removing stm32f10x_tim.o(i.TIM_ITRxExternalClockConfig), (20 bytes).
    Removing stm32f10x_tim.o(i.TIM_InternalClockConfig), (10 bytes).
    Removing stm32f10x_tim.o(i.TIM_OC1FastConfig), (12 bytes).
    Removing stm32f10x_tim.o(i.TIM_OC1Init), (136 bytes).
    Removing stm32f10x_tim.o(i.TIM_OC1NPolarityConfig), (12 bytes).
    Removing stm32f10x_tim.o(i.TIM_OC1PolarityConfig), (12 bytes).
    Removing stm32f10x_tim.o(i.TIM_OC1PreloadConfig), (12 bytes).
    Removing stm32f10x_tim.o(i.TIM_OC2FastConfig), (20 bytes).
    Removing stm32f10x_tim.o(i.TIM_OC2Init), (136 bytes).
    Removing stm32f10x_tim.o(i.TIM_OC2NPolarityConfig), (20 bytes).
    Removing stm32f10x_tim.o(i.TIM_OC2PolarityConfig), (20 bytes).
    Removing stm32f10x_tim.o(i.TIM_OC2PreloadConfig), (20 bytes).
    Removing stm32f10x_tim.o(i.TIM_OC3FastConfig), (12 bytes).
    Removing stm32f10x_tim.o(i.TIM_OC3Init), (132 bytes).
    Removing stm32f10x_tim.o(i.TIM_OC3NPolarityConfig), (20 bytes).
    Removing stm32f10x_tim.o(i.TIM_OC3PolarityConfig), (20 bytes).
    Removing stm32f10x_tim.o(i.TIM_OC3PreloadConfig), (12 bytes).
    Removing stm32f10x_tim.o(i.TIM_OC4FastConfig), (20 bytes).
    Removing stm32f10x_tim.o(i.TIM_OC4Init), (104 bytes).
    Removing stm32f10x_tim.o(i.TIM_OC4PolarityConfig), (20 bytes).
    Removing stm32f10x_tim.o(i.TIM_OC4PreloadConfig), (20 bytes).
    Removing stm32f10x_tim.o(i.TIM_OCStructInit), (20 bytes).
    Removing stm32f10x_tim.o(i.TIM_PWMIConfig), (110 bytes).
    Removing stm32f10x_tim.o(i.TIM_PrescalerConfig), (6 bytes).
    Removing stm32f10x_tim.o(i.TIM_SelectCCDMA), (24 bytes).
    Removing stm32f10x_tim.o(i.TIM_SelectCOM), (24 bytes).
    Removing stm32f10x_tim.o(i.TIM_SelectHallSensor), (24 bytes).
    Removing stm32f10x_tim.o(i.TIM_SelectInputTrigger), (12 bytes).
    Removing stm32f10x_tim.o(i.TIM_SelectMasterSlaveMode), (16 bytes).
    Removing stm32f10x_tim.o(i.TIM_SelectOCxM), (76 bytes).
    Removing stm32f10x_tim.o(i.TIM_SelectOnePulseMode), (16 bytes).
    Removing stm32f10x_tim.o(i.TIM_SelectOutputTrigger), (16 bytes).
    Removing stm32f10x_tim.o(i.TIM_SelectSlaveMode), (16 bytes).
    Removing stm32f10x_tim.o(i.TIM_SetAutoreload), (4 bytes).
    Removing stm32f10x_tim.o(i.TIM_SetClockDivision), (16 bytes).
    Removing stm32f10x_tim.o(i.TIM_SetCompare1), (4 bytes).
    Removing stm32f10x_tim.o(i.TIM_SetCompare2), (4 bytes).
    Removing stm32f10x_tim.o(i.TIM_SetCompare3), (4 bytes).
    Removing stm32f10x_tim.o(i.TIM_SetCompare4), (6 bytes).
    Removing stm32f10x_tim.o(i.TIM_SetCounter), (4 bytes).
    Removing stm32f10x_tim.o(i.TIM_SetIC1Prescaler), (16 bytes).
    Removing stm32f10x_tim.o(i.TIM_SetIC2Prescaler), (24 bytes).
    Removing stm32f10x_tim.o(i.TIM_SetIC3Prescaler), (16 bytes).
    Removing stm32f10x_tim.o(i.TIM_SetIC4Prescaler), (24 bytes).
    Removing stm32f10x_tim.o(i.TIM_TIxExternalClockConfig), (48 bytes).
    Removing stm32f10x_tim.o(i.TIM_TimeBaseInit), (156 bytes).
    Removing stm32f10x_tim.o(i.TIM_TimeBaseStructInit), (18 bytes).
    Removing stm32f10x_tim.o(i.TIM_UpdateDisableConfig), (24 bytes).
    Removing stm32f10x_tim.o(i.TIM_UpdateRequestConfig), (24 bytes).
    Removing stm32f10x_usart.o(i.USART_ClearFlag), (8 bytes).
    Removing stm32f10x_usart.o(i.USART_ClearITPendingBit), (16 bytes).
    Removing stm32f10x_usart.o(i.USART_ClockInit), (30 bytes).
    Removing stm32f10x_usart.o(i.USART_ClockStructInit), (12 bytes).
    Removing stm32f10x_usart.o(i.USART_DMACmd), (20 bytes).
    Removing stm32f10x_usart.o(i.USART_DeInit), (164 bytes).
    Removing stm32f10x_usart.o(i.USART_HalfDuplexCmd), (24 bytes).
    Removing stm32f10x_usart.o(i.USART_IrDACmd), (24 bytes).
    Removing stm32f10x_usart.o(i.USART_IrDAConfig), (16 bytes).
    Removing stm32f10x_usart.o(i.USART_LINBreakDetectLengthConfig), (16 bytes).
    Removing stm32f10x_usart.o(i.USART_LINCmd), (24 bytes).
    Removing stm32f10x_usart.o(i.USART_OneBitMethodCmd), (24 bytes).
    Removing stm32f10x_usart.o(i.USART_OverSampling8Cmd), (24 bytes).
    Removing stm32f10x_usart.o(i.USART_ReceiverWakeUpCmd), (24 bytes).
    Removing stm32f10x_usart.o(i.USART_SendBreak), (10 bytes).
    Removing stm32f10x_usart.o(i.USART_SetAddress), (16 bytes).
    Removing stm32f10x_usart.o(i.USART_SetGuardTime), (16 bytes).
    Removing stm32f10x_usart.o(i.USART_SetPrescaler), (16 bytes).
    Removing stm32f10x_usart.o(i.USART_SmartCardCmd), (24 bytes).
    Removing stm32f10x_usart.o(i.USART_SmartCardNACKCmd), (24 bytes).
    Removing stm32f10x_usart.o(i.USART_StructInit), (22 bytes).
    Removing stm32f10x_usart.o(i.USART_WakeUpConfig), (16 bytes).
    Removing stm32f10x_wwdg.o(i.WWDG_ClearFlag), (12 bytes).
    Removing stm32f10x_wwdg.o(i.WWDG_DeInit), (24 bytes).
    Removing stm32f10x_wwdg.o(i.WWDG_Enable), (16 bytes).
    Removing stm32f10x_wwdg.o(i.WWDG_EnableIT), (12 bytes).
    Removing stm32f10x_wwdg.o(i.WWDG_GetFlagStatus), (12 bytes).
    Removing stm32f10x_wwdg.o(i.WWDG_SetCounter), (16 bytes).
    Removing stm32f10x_wwdg.o(i.WWDG_SetPrescaler), (20 bytes).
    Removing stm32f10x_wwdg.o(i.WWDG_SetWindowValue), (32 bytes).
    Removing delay.o(i.Delay_s), (24 bytes).
    Removing buzzer.o(i.Buzzer_Beep), (22 bytes).
    Removing buzzer.o(i.Buzzer_SetMode), (20 bytes).
    Removing buzzer.o(i.Buzzer_SetThreshold), (24 bytes).
    Removing oled.o(i.OLED_Pow), (16 bytes).
    Removing oled.o(i.OLED_ShowBinNum), (58 bytes).
    Removing oled.o(i.OLED_ShowHexNum), (80 bytes).
    Removing oled.o(i.OLED_ShowNum), (64 bytes).
    Removing oled.o(i.OLED_ShowSignedNum), (98 bytes).

458 unused section(s) (total 16072 bytes) removed from the image.

==============================================================================

Image Symbol Table

    Local Symbols

    Symbol Name                              Value     Ov Type        Size  Object(Section)

    ../clib/microlib/ctype/ctype.c           0x00000000   Number         0  ctype_c.o ABSOLUTE
    ../clib/microlib/ctype/ctype.c           0x00000000   Number         0  isspace_c.o ABSOLUTE
    ../clib/microlib/division.c              0x00000000   Number         0  uldiv.o ABSOLUTE
    ../clib/microlib/division.c              0x00000000   Number         0  uidiv.o ABSOLUTE
    ../clib/microlib/init/entry.s            0x00000000   Number         0  entry9a.o ABSOLUTE
    ../clib/microlib/init/entry.s            0x00000000   Number         0  entry12b.o ABSOLUTE
    ../clib/microlib/init/entry.s            0x00000000   Number         0  entry8a.o ABSOLUTE
    ../clib/microlib/init/entry.s            0x00000000   Number         0  entry9b.o ABSOLUTE
    ../clib/microlib/init/entry.s            0x00000000   Number         0  entry2.o ABSOLUTE
    ../clib/microlib/init/entry.s            0x00000000   Number         0  entry11a.o ABSOLUTE
    ../clib/microlib/init/entry.s            0x00000000   Number         0  entry10b.o ABSOLUTE
    ../clib/microlib/init/entry.s            0x00000000   Number         0  entry8b.o ABSOLUTE
    ../clib/microlib/init/entry.s            0x00000000   Number         0  entry10a.o ABSOLUTE
    ../clib/microlib/init/entry.s            0x00000000   Number         0  entry5.o ABSOLUTE
    ../clib/microlib/init/entry.s            0x00000000   Number         0  entry7a.o ABSOLUTE
    ../clib/microlib/init/entry.s            0x00000000   Number         0  entry7b.o ABSOLUTE
    ../clib/microlib/init/entry.s            0x00000000   Number         0  entry.o ABSOLUTE
    ../clib/microlib/init/entry.s            0x00000000   Number         0  entry12a.o ABSOLUTE
    ../clib/microlib/init/entry.s            0x00000000   Number         0  entry11b.o ABSOLUTE
    ../clib/microlib/longlong.c              0x00000000   Number         0  llushr.o ABSOLUTE
    ../clib/microlib/longlong.c              0x00000000   Number         0  llsshr.o ABSOLUTE
    ../clib/microlib/longlong.c              0x00000000   Number         0  llshl.o ABSOLUTE
    ../clib/microlib/printf/printf.c         0x00000000   Number         0  printf8.o ABSOLUTE
    ../clib/microlib/printf/printf.c         0x00000000   Number         0  printf1.o ABSOLUTE
    ../clib/microlib/printf/printf.c         0x00000000   Number         0  printf2.o ABSOLUTE
    ../clib/microlib/printf/printf.c         0x00000000   Number         0  printf3.o ABSOLUTE
    ../clib/microlib/printf/printf.c         0x00000000   Number         0  printf5.o ABSOLUTE
    ../clib/microlib/printf/printf.c         0x00000000   Number         0  printf4.o ABSOLUTE
    ../clib/microlib/printf/printf.c         0x00000000   Number         0  printf6.o ABSOLUTE
    ../clib/microlib/printf/printf.c         0x00000000   Number         0  printf7.o ABSOLUTE
    ../clib/microlib/printf/printf.c         0x00000000   Number         0  printfa.o ABSOLUTE
    ../clib/microlib/printf/printf.c         0x00000000   Number         0  printf0.o ABSOLUTE
    ../clib/microlib/printf/printf.c         0x00000000   Number         0  printfb.o ABSOLUTE
    ../clib/microlib/printf/stubs.s          0x00000000   Number         0  stubs.o ABSOLUTE
    ../clib/microlib/stdio/streams.c         0x00000000   Number         0  stdout.o ABSOLUTE
    ../clib/microlib/string/memcpy.c         0x00000000   Number         0  memcpya.o ABSOLUTE
    ../clib/microlib/string/memcpy.c         0x00000000   Number         0  memcpyb.o ABSOLUTE
    ../clib/microlib/string/memset.c         0x00000000   Number         0  memseta.o ABSOLUTE
    ../clib/microlib/string/strlen.c         0x00000000   Number         0  strlen.o ABSOLUTE
    ../clib/microlib/string/strstr.c         0x00000000   Number         0  strstr.o ABSOLUTE
    ../clib/microlib/stubs.s                 0x00000000   Number         0  iusefp.o ABSOLUTE
    ../clib/scanf.c                          0x00000000   Number         0  __0sscanf.o ABSOLUTE
    ../clib/scanf.c                          0x00000000   Number         0  _scanf.o ABSOLUTE
    ../clib/scanf.c                          0x00000000   Number         0  _sgetc.o ABSOLUTE
    ../clib/scanf.c                          0x00000000   Number         0  scanf_char.o ABSOLUTE
    ../clib/scanf.c                          0x00000000   Number         0  _chval.o ABSOLUTE
    ../clib/scanf.c                          0x00000000   Number         0  _scanf_int.o ABSOLUTE
    ../fplib/microlib/d2f.c                  0x00000000   Number         0  d2f.o ABSOLUTE
    ../fplib/microlib/f2d.c                  0x00000000   Number         0  f2d.o ABSOLUTE
    ../fplib/microlib/fpadd.c                0x00000000   Number         0  dadd.o ABSOLUTE
    ../fplib/microlib/fpadd.c                0x00000000   Number         0  fadd.o ABSOLUTE
    ../fplib/microlib/fpdiv.c                0x00000000   Number         0  fdiv.o ABSOLUTE
    ../fplib/microlib/fpdiv.c                0x00000000   Number         0  ddiv.o ABSOLUTE
    ../fplib/microlib/fpepilogue.c           0x00000000   Number         0  depilogue.o ABSOLUTE
    ../fplib/microlib/fpepilogue.c           0x00000000   Number         0  fepilogue.o ABSOLUTE
    ../fplib/microlib/fpfix.c                0x00000000   Number         0  dfixul.o ABSOLUTE
    ../fplib/microlib/fpfix.c                0x00000000   Number         0  dfixui.o ABSOLUTE
    ../fplib/microlib/fpfix.c                0x00000000   Number         0  dfixi.o ABSOLUTE
    ../fplib/microlib/fpflt.c                0x00000000   Number         0  dfltui.o ABSOLUTE
    ../fplib/microlib/fpflt.c                0x00000000   Number         0  ffltui.o ABSOLUTE
    ../fplib/microlib/fpmul.c                0x00000000   Number         0  fmul.o ABSOLUTE
    ../fplib/microlib/fpmul.c                0x00000000   Number         0  dmul.o ABSOLUTE
    ..\Hardware\Actuator\Buzzer\Buzzer.c     0x00000000   Number         0  buzzer.o ABSOLUTE
    ..\Hardware\Communication\ESP8266\ESP8266.c 0x00000000   Number         0  esp8266.o ABSOLUTE
    ..\Hardware\Display\OLED.c               0x00000000   Number         0  oled.o ABSOLUTE
    ..\Hardware\Middlewares\Filter\Kalman.c  0x00000000   Number         0  kalman.o ABSOLUTE
    ..\Hardware\Sensor\DHT11\DHT11.c         0x00000000   Number         0  dht11.o ABSOLUTE
    ..\Hardware\Sensor\Light\light.c         0x00000000   Number         0  light.o ABSOLUTE
    ..\Library\misc.c                        0x00000000   Number         0  misc.o ABSOLUTE
    ..\Library\stm32f10x_adc.c               0x00000000   Number         0  stm32f10x_adc.o ABSOLUTE
    ..\Library\stm32f10x_bkp.c               0x00000000   Number         0  stm32f10x_bkp.o ABSOLUTE
    ..\Library\stm32f10x_can.c               0x00000000   Number         0  stm32f10x_can.o ABSOLUTE
    ..\Library\stm32f10x_cec.c               0x00000000   Number         0  stm32f10x_cec.o ABSOLUTE
    ..\Library\stm32f10x_crc.c               0x00000000   Number         0  stm32f10x_crc.o ABSOLUTE
    ..\Library\stm32f10x_dac.c               0x00000000   Number         0  stm32f10x_dac.o ABSOLUTE
    ..\Library\stm32f10x_dbgmcu.c            0x00000000   Number         0  stm32f10x_dbgmcu.o ABSOLUTE
    ..\Library\stm32f10x_dma.c               0x00000000   Number         0  stm32f10x_dma.o ABSOLUTE
    ..\Library\stm32f10x_exti.c              0x00000000   Number         0  stm32f10x_exti.o ABSOLUTE
    ..\Library\stm32f10x_flash.c             0x00000000   Number         0  stm32f10x_flash.o ABSOLUTE
    ..\Library\stm32f10x_fsmc.c              0x00000000   Number         0  stm32f10x_fsmc.o ABSOLUTE
    ..\Library\stm32f10x_gpio.c              0x00000000   Number         0  stm32f10x_gpio.o ABSOLUTE
    ..\Library\stm32f10x_i2c.c               0x00000000   Number         0  stm32f10x_i2c.o ABSOLUTE
    ..\Library\stm32f10x_iwdg.c              0x00000000   Number         0  stm32f10x_iwdg.o ABSOLUTE
    ..\Library\stm32f10x_pwr.c               0x00000000   Number         0  stm32f10x_pwr.o ABSOLUTE
    ..\Library\stm32f10x_rcc.c               0x00000000   Number         0  stm32f10x_rcc.o ABSOLUTE
    ..\Library\stm32f10x_rtc.c               0x00000000   Number         0  stm32f10x_rtc.o ABSOLUTE
    ..\Library\stm32f10x_sdio.c              0x00000000   Number         0  stm32f10x_sdio.o ABSOLUTE
    ..\Library\stm32f10x_spi.c               0x00000000   Number         0  stm32f10x_spi.o ABSOLUTE
    ..\Library\stm32f10x_tim.c               0x00000000   Number         0  stm32f10x_tim.o ABSOLUTE
    ..\Library\stm32f10x_usart.c             0x00000000   Number         0  stm32f10x_usart.o ABSOLUTE
    ..\Library\stm32f10x_wwdg.c              0x00000000   Number         0  stm32f10x_wwdg.o ABSOLUTE
    ..\Start\core_cm3.c                      0x00000000   Number         0  core_cm3.o ABSOLUTE
    ..\Start\startup_stm32f10x_md.s          0x00000000   Number         0  startup_stm32f10x_md.o ABSOLUTE
    ..\Start\system_stm32f10x.c              0x00000000   Number         0  system_stm32f10x.o ABSOLUTE
    ..\System\Delay.c                        0x00000000   Number         0  delay.o ABSOLUTE
    ..\User\App\app.c                        0x00000000   Number         0  app.o ABSOLUTE
    ..\User\main.c                           0x00000000   Number         0  main.o ABSOLUTE
    ..\User\stm32f10x_it.c                   0x00000000   Number         0  stm32f10x_it.o ABSOLUTE
    ..\\Start\\core_cm3.c                    0x00000000   Number         0  core_cm3.o ABSOLUTE
    cdrcmple.s                               0x00000000   Number         0  cdrcmple.o ABSOLUTE
    dc.s                                     0x00000000   Number         0  dc.o ABSOLUTE
    handlers.s                               0x00000000   Number         0  handlers.o ABSOLUTE
    init.s                                   0x00000000   Number         0  init.o ABSOLUTE
    RESET                                    0x08000000   Section      236  startup_stm32f10x_md.o(RESET)
    .ARM.Collect$$$$00000000                 0x080000ec   Section        0  entry.o(.ARM.Collect$$$$00000000)
    .ARM.Collect$$$$00000001                 0x080000ec   Section        4  entry2.o(.ARM.Collect$$$$00000001)
    .ARM.Collect$$$$00000004                 0x080000f0   Section        4  entry5.o(.ARM.Collect$$$$00000004)
    .ARM.Collect$$$$00000008                 0x080000f4   Section        0  entry7b.o(.ARM.Collect$$$$00000008)
    .ARM.Collect$$$$0000000A                 0x080000f4   Section        0  entry8b.o(.ARM.Collect$$$$0000000A)
    .ARM.Collect$$$$0000000B                 0x080000f4   Section        8  entry9a.o(.ARM.Collect$$$$0000000B)
    .ARM.Collect$$$$0000000E                 0x080000fc   Section        4  entry12b.o(.ARM.Collect$$$$0000000E)
    .ARM.Collect$$$$0000000F                 0x08000100   Section        0  entry10a.o(.ARM.Collect$$$$0000000F)
    .ARM.Collect$$$$00000011                 0x08000100   Section        0  entry11a.o(.ARM.Collect$$$$00000011)
    .ARM.Collect$$$$00002712                 0x08000100   Section        4  entry2.o(.ARM.Collect$$$$00002712)
    __lit__00000000                          0x08000100   Data           4  entry2.o(.ARM.Collect$$$$00002712)
    .text                                    0x08000104   Section       36  startup_stm32f10x_md.o(.text)
    .text                                    0x08000128   Section        0  memcpya.o(.text)
    .text                                    0x0800014c   Section        0  memseta.o(.text)
    .text                                    0x08000170   Section        0  strstr.o(.text)
    .text                                    0x08000194   Section        0  strlen.o(.text)
    .text                                    0x080001a4   Section        0  __0sscanf.o(.text)
    .text                                    0x080001dc   Section        0  _scanf_int.o(.text)
    .text                                    0x08000328   Section        0  fadd.o(.text)
    .text                                    0x080003d8   Section        0  fmul.o(.text)
    .text                                    0x0800043c   Section        0  fdiv.o(.text)
    .text                                    0x080004b8   Section        0  dadd.o(.text)
    .text                                    0x08000606   Section        0  dmul.o(.text)
    .text                                    0x080006ea   Section        0  ddiv.o(.text)
    .text                                    0x080007c8   Section        0  ffltui.o(.text)
    .text                                    0x080007d2   Section        0  dfltui.o(.text)
    .text                                    0x080007ec   Section        0  dfixi.o(.text)
    .text                                    0x0800082a   Section        0  dfixui.o(.text)
    .text                                    0x0800085c   Section        0  f2d.o(.text)
    .text                                    0x08000884   Section       48  cdrcmple.o(.text)
    .text                                    0x080008b4   Section        0  d2f.o(.text)
    .text                                    0x080008ec   Section        0  uidiv.o(.text)
    .text                                    0x08000918   Section        0  uldiv.o(.text)
    .text                                    0x0800097a   Section        0  llshl.o(.text)
    .text                                    0x08000998   Section        0  llushr.o(.text)
    .text                                    0x080009b8   Section        0  llsshr.o(.text)
    .text                                    0x080009dc   Section        0  _chval.o(.text)
    .text                                    0x080009f8   Section        0  scanf_char.o(.text)
    _scanf_char_input                        0x080009f9   Thumb Code    12  scanf_char.o(.text)
    .text                                    0x08000a20   Section        0  _sgetc.o(.text)
    .text                                    0x08000a60   Section        0  fepilogue.o(.text)
    .text                                    0x08000a60   Section        0  iusefp.o(.text)
    .text                                    0x08000ace   Section        0  depilogue.o(.text)
    .text                                    0x08000b88   Section        0  dfixul.o(.text)
    .text                                    0x08000bb8   Section       36  init.o(.text)
    .text                                    0x08000bdc   Section        0  isspace_c.o(.text)
    .text                                    0x08000be8   Section        0  _scanf.o(.text)
    .text                                    0x08000f18   Section        0  ctype_c.o(.text)
    i.ADC_Cmd                                0x08000f40   Section        0  stm32f10x_adc.o(i.ADC_Cmd)
    i.ADC_GetCalibrationStatus               0x08000f58   Section        0  stm32f10x_adc.o(i.ADC_GetCalibrationStatus)
    i.ADC_GetConversionValue                 0x08000f66   Section        0  stm32f10x_adc.o(i.ADC_GetConversionValue)
    i.ADC_GetFlagStatus                      0x08000f6c   Section        0  stm32f10x_adc.o(i.ADC_GetFlagStatus)
    i.ADC_GetResetCalibrationStatus          0x08000f7a   Section        0  stm32f10x_adc.o(i.ADC_GetResetCalibrationStatus)
    i.ADC_Init                               0x08000f88   Section        0  stm32f10x_adc.o(i.ADC_Init)
    i.ADC_RegularChannelConfig               0x08000fd0   Section        0  stm32f10x_adc.o(i.ADC_RegularChannelConfig)
    i.ADC_ResetCalibration                   0x08001044   Section        0  stm32f10x_adc.o(i.ADC_ResetCalibration)
    i.ADC_SoftwareStartConvCmd               0x0800104e   Section        0  stm32f10x_adc.o(i.ADC_SoftwareStartConvCmd)
    i.ADC_StartCalibration                   0x08001066   Section        0  stm32f10x_adc.o(i.ADC_StartCalibration)
    i.AD_GetValue                            0x08001070   Section        0  light.o(i.AD_GetValue)
    AD_GetValue                              0x08001071   Thumb Code    46  light.o(i.AD_GetValue)
    i.AD_Init                                0x080010a4   Section        0  light.o(i.AD_Init)
    AD_Init                                  0x080010a5   Thumb Code   102  light.o(i.AD_Init)
    i.App_HandleSensorError                  0x08001118   Section        0  app.o(i.App_HandleSensorError)
    i.App_Init                               0x080011a4   Section        0  app.o(i.App_Init)
    i.App_MainLoop                           0x080011e4   Section        0  app.o(i.App_MainLoop)
    i.App_ProcessSensorData                  0x080011f8   Section        0  app.o(i.App_ProcessSensorData)
    i.App_UploadData                         0x080012b8   Section        0  app.o(i.App_UploadData)
    i.BusFault_Handler                       0x08001438   Section        0  stm32f10x_it.o(i.BusFault_Handler)
    i.Buzzer_Control                         0x0800143c   Section        0  buzzer.o(i.Buzzer_Control)
    i.Buzzer_Init                            0x08001498   Section        0  buzzer.o(i.Buzzer_Init)
    i.Buzzer_OFF                             0x080014cc   Section        0  buzzer.o(i.Buzzer_OFF)
    i.Buzzer_ON                              0x080014dc   Section        0  buzzer.o(i.Buzzer_ON)
    i.Buzzer_UpdateIntermittent              0x080014ec   Section        0  buzzer.o(i.Buzzer_UpdateIntermittent)
    Buzzer_UpdateIntermittent                0x080014ed   Thumb Code    42  buzzer.o(i.Buzzer_UpdateIntermittent)
    i.DHT_Filter_Init                        0x0800151c   Section        0  dht11.o(i.DHT_Filter_Init)
    i.DHT_GPIO_Init                          0x08001698   Section        0  dht11.o(i.DHT_GPIO_Init)
    i.DHT_GetProcessedData                   0x080016d0   Section        0  dht11.o(i.DHT_GetProcessedData)
    i.DHT_Get_Byte_Data                      0x08001700   Section        0  dht11.o(i.DHT_Get_Byte_Data)
    i.DHT_Get_Filtered_Data                  0x08001780   Section        0  dht11.o(i.DHT_Get_Filtered_Data)
    i.DHT_Get_Temp_Humi_Data                 0x080018a8   Section        0  dht11.o(i.DHT_Get_Temp_Humi_Data)
    i.DHT_Start                              0x080018f8   Section        0  dht11.o(i.DHT_Start)
    i.DebugMon_Handler                       0x08001998   Section        0  stm32f10x_it.o(i.DebugMon_Handler)
    i.Delay_ms                               0x0800199a   Section        0  delay.o(i.Delay_ms)
    i.Delay_us                               0x080019b2   Section        0  delay.o(i.Delay_us)
    i.ESP8266_Init                           0x080019d4   Section        0  esp8266.o(i.ESP8266_Init)
    i.ESP8266_Receive_http_response          0x08001a54   Section        0  esp8266.o(i.ESP8266_Receive_http_response)
    i.ESP8266_Restart                        0x08001ae8   Section        0  esp8266.o(i.ESP8266_Restart)
    i.ESP8266_Send_http_post                 0x08001b20   Section        0  esp8266.o(i.ESP8266_Send_http_post)
    i.ESP8266_WaitForResponse                0x08001b4c   Section        0  esp8266.o(i.ESP8266_WaitForResponse)
    ESP8266_WaitForResponse                  0x08001b4d   Thumb Code    94  esp8266.o(i.ESP8266_WaitForResponse)
    i.GPIO_Init                              0x08001baa   Section        0  stm32f10x_gpio.o(i.GPIO_Init)
    i.GPIO_ReadInputDataBit                  0x08001c50   Section        0  stm32f10x_gpio.o(i.GPIO_ReadInputDataBit)
    i.GPIO_ResetBits                         0x08001c5e   Section        0  stm32f10x_gpio.o(i.GPIO_ResetBits)
    i.GPIO_SetBits                           0x08001c62   Section        0  stm32f10x_gpio.o(i.GPIO_SetBits)
    i.GPIO_WriteBit                          0x08001c66   Section        0  stm32f10x_gpio.o(i.GPIO_WriteBit)
    i.HardFault_Handler                      0x08001c72   Section        0  stm32f10x_it.o(i.HardFault_Handler)
    i.KalmanFilter_Init                      0x08001c74   Section        0  kalman.o(i.KalmanFilter_Init)
    i.KalmanFilter_Update                    0x08001c98   Section        0  kalman.o(i.KalmanFilter_Update)
    i.Light_Get                              0x08001d1c   Section        0  light.o(i.Light_Get)
    i.Light_Init                             0x08001d6c   Section        0  light.o(i.Light_Init)
    i.MemManage_Handler                      0x08001dd8   Section        0  stm32f10x_it.o(i.MemManage_Handler)
    i.NMI_Handler                            0x08001dda   Section        0  stm32f10x_it.o(i.NMI_Handler)
    i.NVIC_Init                              0x08001ddc   Section        0  misc.o(i.NVIC_Init)
    i.NVIC_PriorityGroupConfig               0x08001e40   Section        0  misc.o(i.NVIC_PriorityGroupConfig)
    i.OLED_Clear                             0x08001e54   Section        0  oled.o(i.OLED_Clear)
    i.OLED_I2C_Init                          0x08001e7c   Section        0  oled.o(i.OLED_I2C_Init)
    i.OLED_I2C_SendByte                      0x08001ecc   Section        0  oled.o(i.OLED_I2C_SendByte)
    i.OLED_I2C_Start                         0x08001f20   Section        0  oled.o(i.OLED_I2C_Start)
    i.OLED_I2C_Stop                          0x08001f54   Section        0  oled.o(i.OLED_I2C_Stop)
    i.OLED_Init                              0x08001f80   Section        0  oled.o(i.OLED_Init)
    i.OLED_SetCursor                         0x0800202c   Section        0  oled.o(i.OLED_SetCursor)
    i.OLED_ShowChar                          0x08002050   Section        0  oled.o(i.OLED_ShowChar)
    i.OLED_ShowString                        0x080020a8   Section        0  oled.o(i.OLED_ShowString)
    i.OLED_WriteCommand                      0x080020ce   Section        0  oled.o(i.OLED_WriteCommand)
    i.OLED_WriteData                         0x080020f0   Section        0  oled.o(i.OLED_WriteData)
    i.PendSV_Handler                         0x08002112   Section        0  stm32f10x_it.o(i.PendSV_Handler)
    i.RCC_ADCCLKConfig                       0x08002114   Section        0  stm32f10x_rcc.o(i.RCC_ADCCLKConfig)
    i.RCC_APB2PeriphClockCmd                 0x08002128   Section        0  stm32f10x_rcc.o(i.RCC_APB2PeriphClockCmd)
    i.RCC_GetClocksFreq                      0x08002144   Section        0  stm32f10x_rcc.o(i.RCC_GetClocksFreq)
    i.SVC_Handler                            0x080021f0   Section        0  stm32f10x_it.o(i.SVC_Handler)
    i.Serial_Init                            0x080021f4   Section        0  esp8266.o(i.Serial_Init)
    i.Serial_SendByte                        0x080022a4   Section        0  esp8266.o(i.Serial_SendByte)
    i.SetSysClock                            0x080022c4   Section        0  system_stm32f10x.o(i.SetSysClock)
    SetSysClock                              0x080022c5   Thumb Code     4  system_stm32f10x.o(i.SetSysClock)
    i.SetSysClockTo72                        0x080022c8   Section        0  system_stm32f10x.o(i.SetSysClockTo72)
    SetSysClockTo72                          0x080022c9   Thumb Code   166  system_stm32f10x.o(i.SetSysClockTo72)
    i.SysTick_Handler                        0x08002378   Section        0  stm32f10x_it.o(i.SysTick_Handler)
    i.SystemInit                             0x0800237c   Section        0  system_stm32f10x.o(i.SystemInit)
    i.USART1_IRQHandler                      0x080023cc   Section        0  esp8266.o(i.USART1_IRQHandler)
    i.USART1_ReadByte                        0x0800240c   Section        0  esp8266.o(i.USART1_ReadByte)
    i.USART_Cmd                              0x08002438   Section        0  stm32f10x_usart.o(i.USART_Cmd)
    i.USART_GetFlagStatus                    0x08002450   Section        0  stm32f10x_usart.o(i.USART_GetFlagStatus)
    i.USART_GetITStatus                      0x0800245e   Section        0  stm32f10x_usart.o(i.USART_GetITStatus)
    i.USART_ITConfig                         0x0800249e   Section        0  stm32f10x_usart.o(i.USART_ITConfig)
    i.USART_Init                             0x080024d4   Section        0  stm32f10x_usart.o(i.USART_Init)
    i.USART_ReceiveData                      0x08002590   Section        0  stm32f10x_usart.o(i.USART_ReceiveData)
    i.USART_SendData                         0x08002598   Section        0  stm32f10x_usart.o(i.USART_SendData)
    i.UsageFault_Handler                     0x080025a0   Section        0  stm32f10x_it.o(i.UsageFault_Handler)
    i.__0printf                              0x080025a4   Section        0  printfa.o(i.__0printf)
    i.__0sprintf                             0x080025c4   Section        0  printfa.o(i.__0sprintf)
    i.__scatterload_copy                     0x080025ec   Section       14  handlers.o(i.__scatterload_copy)
    i.__scatterload_null                     0x080025fa   Section        2  handlers.o(i.__scatterload_null)
    i.__scatterload_zeroinit                 0x080025fc   Section       14  handlers.o(i.__scatterload_zeroinit)
    i._fp_digits                             0x0800260c   Section        0  printfa.o(i._fp_digits)
    _fp_digits                               0x0800260d   Thumb Code   366  printfa.o(i._fp_digits)
    i._printf_core                           0x08002790   Section        0  printfa.o(i._printf_core)
    _printf_core                             0x08002791   Thumb Code  1704  printfa.o(i._printf_core)
    i._printf_post_padding                   0x08002e44   Section        0  printfa.o(i._printf_post_padding)
    _printf_post_padding                     0x08002e45   Thumb Code    36  printfa.o(i._printf_post_padding)
    i._printf_pre_padding                    0x08002e68   Section        0  printfa.o(i._printf_pre_padding)
    _printf_pre_padding                      0x08002e69   Thumb Code    46  printfa.o(i._printf_pre_padding)
    i._sputc                                 0x08002e96   Section        0  printfa.o(i._sputc)
    _sputc                                   0x08002e97   Thumb Code    10  printfa.o(i._sputc)
    i.fputc                                  0x08002ea0   Section        0  esp8266.o(i.fputc)
    i.main                                   0x08002eae   Section        0  main.o(i.main)
    .constdata                               0x08002eb8   Section       24  light.o(.constdata)
    .constdata                               0x08002ed0   Section     1520  oled.o(.constdata)
    .constdata                               0x080034c0   Section       16  esp8266.o(.constdata)
    .constdata                               0x080034d0   Section       64  ctype_c.o(.constdata)
    .conststring                             0x08003510   Section      216  esp8266.o(.conststring)
    .data                                    0x20000000   Section       20  stm32f10x_rcc.o(.data)
    ADCPrescTable                            0x20000000   Data           4  stm32f10x_rcc.o(.data)
    APBAHBPrescTable                         0x20000004   Data          16  stm32f10x_rcc.o(.data)
    .data                                    0x20000014   Section        1  dht11.o(.data)
    is_filter_initialized                    0x20000014   Data           1  dht11.o(.data)
    .data                                    0x20000018   Section       24  buzzer.o(.data)
    buzzer_mode                              0x20000018   Data           1  buzzer.o(.data)
    buzzer_state                             0x20000019   Data           1  buzzer.o(.data)
    last_toggle_time                         0x2000001c   Data           4  buzzer.o(.data)
    beep_interval                            0x20000020   Data           4  buzzer.o(.data)
    env_threshold                            0x20000024   Data          12  buzzer.o(.data)
    .data                                    0x20000030   Section        4  esp8266.o(.data)
    .data                                    0x20000034   Section        8  app.o(.data)
    dht_error_count                          0x20000034   Data           1  app.o(.data)
    network_error_count                      0x20000035   Data           1  app.o(.data)
    last_successful_time                     0x20000038   Data           4  app.o(.data)
    .data                                    0x2000003c   Section        4  stdout.o(.data)
    .bss                                     0x20000040   Section       80  dht11.o(.bss)
    temp_filter                              0x20000040   Data          40  dht11.o(.bss)
    humi_filter                              0x20000068   Data          40  dht11.o(.bss)
    .bss                                     0x20000090   Section       40  light.o(.bss)
    light_filter                             0x20000090   Data          40  light.o(.bss)
    .bss                                     0x200000b8   Section      256  esp8266.o(.bss)
    STACK                                    0x200001b8   Section     1024  startup_stm32f10x_md.o(STACK)

    Global Symbols

    Symbol Name                              Value     Ov Type        Size  Object(Section)

    BuildAttributes$$THM_ISAv4$P$D$K$B$S$PE$A:L22UL41UL21$X:L11$S22US41US21$IEEE1$IW$USESV6$~STKCKD$USESV7$~SHL$OTIME$ROPI$EBA8$MICROLIB$REQ8$PRES8$EABIv2 0x00000000   Number         0  anon$$obj.o ABSOLUTE
    __ARM_use_no_argv                        0x00000000   Number         0  main.o ABSOLUTE
    _printf_a                                0x00000000   Number         0  stubs.o ABSOLUTE
    _printf_c                                0x00000000   Number         0  stubs.o ABSOLUTE
    _printf_charcount                        0x00000000   Number         0  stubs.o ABSOLUTE
    _printf_d                                0x00000000   Number         0  stubs.o ABSOLUTE
    _printf_e                                0x00000000   Number         0  stubs.o ABSOLUTE
    _printf_f                                0x00000000   Number         0  stubs.o ABSOLUTE
    _printf_flags                            0x00000000   Number         0  stubs.o ABSOLUTE
    _printf_fp_dec                           0x00000000   Number         0  stubs.o ABSOLUTE
    _printf_fp_hex                           0x00000000   Number         0  stubs.o ABSOLUTE
    _printf_g                                0x00000000   Number         0  stubs.o ABSOLUTE
    _printf_i                                0x00000000   Number         0  stubs.o ABSOLUTE
    _printf_int_dec                          0x00000000   Number         0  stubs.o ABSOLUTE
    _printf_l                                0x00000000   Number         0  stubs.o ABSOLUTE
    _printf_lc                               0x00000000   Number         0  stubs.o ABSOLUTE
    _printf_ll                               0x00000000   Number         0  stubs.o ABSOLUTE
    _printf_lld                              0x00000000   Number         0  stubs.o ABSOLUTE
    _printf_lli                              0x00000000   Number         0  stubs.o ABSOLUTE
    _printf_llo                              0x00000000   Number         0  stubs.o ABSOLUTE
    _printf_llu                              0x00000000   Number         0  stubs.o ABSOLUTE
    _printf_llx                              0x00000000   Number         0  stubs.o ABSOLUTE
    _printf_longlong_dec                     0x00000000   Number         0  stubs.o ABSOLUTE
    _printf_longlong_hex                     0x00000000   Number         0  stubs.o ABSOLUTE
    _printf_longlong_oct                     0x00000000   Number         0  stubs.o ABSOLUTE
    _printf_ls                               0x00000000   Number         0  stubs.o ABSOLUTE
    _printf_mbtowc                           0x00000000   Number         0  stubs.o ABSOLUTE
    _printf_n                                0x00000000   Number         0  stubs.o ABSOLUTE
    _printf_o                                0x00000000   Number         0  stubs.o ABSOLUTE
    _printf_p                                0x00000000   Number         0  stubs.o ABSOLUTE
    _printf_percent                          0x00000000   Number         0  stubs.o ABSOLUTE
    _printf_pre_padding                      0x00000000   Number         0  stubs.o ABSOLUTE
    _printf_return_value                     0x00000000   Number         0  stubs.o ABSOLUTE
    _printf_s                                0x00000000   Number         0  stubs.o ABSOLUTE
    _printf_sizespec                         0x00000000   Number         0  stubs.o ABSOLUTE
    _printf_str                              0x00000000   Number         0  stubs.o ABSOLUTE
    _printf_truncate_signed                  0x00000000   Number         0  stubs.o ABSOLUTE
    _printf_truncate_unsigned                0x00000000   Number         0  stubs.o ABSOLUTE
    _printf_u                                0x00000000   Number         0  stubs.o ABSOLUTE
    _printf_wc                               0x00000000   Number         0  stubs.o ABSOLUTE
    _printf_wctomb                           0x00000000   Number         0  stubs.o ABSOLUTE
    _printf_widthprec                        0x00000000   Number         0  stubs.o ABSOLUTE
    _printf_x                                0x00000000   Number         0  stubs.o ABSOLUTE
    __arm_fini_                               - Undefined Weak Reference
    __cpp_initialize__aeabi_                  - Undefined Weak Reference
    __cxa_finalize                            - Undefined Weak Reference
    __decompress                              - Undefined Weak Reference
    _clock_init                               - Undefined Weak Reference
    _microlib_exit                            - Undefined Weak Reference
    _scanf_longlong                           - Undefined Weak Reference
    _scanf_real                               - Undefined Weak Reference
    _scanf_string                             - Undefined Weak Reference
    __Vectors_Size                           0x000000ec   Number         0  startup_stm32f10x_md.o ABSOLUTE
    __Vectors                                0x08000000   Data           4  startup_stm32f10x_md.o(RESET)
    __Vectors_End                            0x080000ec   Data           0  startup_stm32f10x_md.o(RESET)
    __main                                   0x080000ed   Thumb Code     0  entry.o(.ARM.Collect$$$$00000000)
    _main_stk                                0x080000ed   Thumb Code     0  entry2.o(.ARM.Collect$$$$00000001)
    _main_scatterload                        0x080000f1   Thumb Code     0  entry5.o(.ARM.Collect$$$$00000004)
    __main_after_scatterload                 0x080000f5   Thumb Code     0  entry5.o(.ARM.Collect$$$$00000004)
    _main_clock                              0x080000f5   Thumb Code     0  entry7b.o(.ARM.Collect$$$$00000008)
    _main_cpp_init                           0x080000f5   Thumb Code     0  entry8b.o(.ARM.Collect$$$$0000000A)
    _main_init                               0x080000f5   Thumb Code     0  entry9a.o(.ARM.Collect$$$$0000000B)
    __rt_lib_shutdown_fini                   0x080000fd   Thumb Code     0  entry12b.o(.ARM.Collect$$$$0000000E)
    __rt_final_cpp                           0x08000101   Thumb Code     0  entry10a.o(.ARM.Collect$$$$0000000F)
    __rt_final_exit                          0x08000101   Thumb Code     0  entry11a.o(.ARM.Collect$$$$00000011)
    Reset_Handler                            0x08000105   Thumb Code     8  startup_stm32f10x_md.o(.text)
    ADC1_2_IRQHandler                        0x0800011f   Thumb Code     0  startup_stm32f10x_md.o(.text)
    CAN1_RX1_IRQHandler                      0x0800011f   Thumb Code     0  startup_stm32f10x_md.o(.text)
    CAN1_SCE_IRQHandler                      0x0800011f   Thumb Code     0  startup_stm32f10x_md.o(.text)
    DMA1_Channel1_IRQHandler                 0x0800011f   Thumb Code     0  startup_stm32f10x_md.o(.text)
    DMA1_Channel2_IRQHandler                 0x0800011f   Thumb Code     0  startup_stm32f10x_md.o(.text)
    DMA1_Channel3_IRQHandler                 0x0800011f   Thumb Code     0  startup_stm32f10x_md.o(.text)
    DMA1_Channel4_IRQHandler                 0x0800011f   Thumb Code     0  startup_stm32f10x_md.o(.text)
    DMA1_Channel5_IRQHandler                 0x0800011f   Thumb Code     0  startup_stm32f10x_md.o(.text)
    DMA1_Channel6_IRQHandler                 0x0800011f   Thumb Code     0  startup_stm32f10x_md.o(.text)
    DMA1_Channel7_IRQHandler                 0x0800011f   Thumb Code     0  startup_stm32f10x_md.o(.text)
    EXTI0_IRQHandler                         0x0800011f   Thumb Code     0  startup_stm32f10x_md.o(.text)
    EXTI15_10_IRQHandler                     0x0800011f   Thumb Code     0  startup_stm32f10x_md.o(.text)
    EXTI1_IRQHandler                         0x0800011f   Thumb Code     0  startup_stm32f10x_md.o(.text)
    EXTI2_IRQHandler                         0x0800011f   Thumb Code     0  startup_stm32f10x_md.o(.text)
    EXTI3_IRQHandler                         0x0800011f   Thumb Code     0  startup_stm32f10x_md.o(.text)
    EXTI4_IRQHandler                         0x0800011f   Thumb Code     0  startup_stm32f10x_md.o(.text)
    EXTI9_5_IRQHandler                       0x0800011f   Thumb Code     0  startup_stm32f10x_md.o(.text)
    FLASH_IRQHandler                         0x0800011f   Thumb Code     0  startup_stm32f10x_md.o(.text)
    I2C1_ER_IRQHandler                       0x0800011f   Thumb Code     0  startup_stm32f10x_md.o(.text)
    I2C1_EV_IRQHandler                       0x0800011f   Thumb Code     0  startup_stm32f10x_md.o(.text)
    I2C2_ER_IRQHandler                       0x0800011f   Thumb Code     0  startup_stm32f10x_md.o(.text)
    I2C2_EV_IRQHandler                       0x0800011f   Thumb Code     0  startup_stm32f10x_md.o(.text)
    PVD_IRQHandler                           0x0800011f   Thumb Code     0  startup_stm32f10x_md.o(.text)
    RCC_IRQHandler                           0x0800011f   Thumb Code     0  startup_stm32f10x_md.o(.text)
    RTCAlarm_IRQHandler                      0x0800011f   Thumb Code     0  startup_stm32f10x_md.o(.text)
    RTC_IRQHandler                           0x0800011f   Thumb Code     0  startup_stm32f10x_md.o(.text)
    SPI1_IRQHandler                          0x0800011f   Thumb Code     0  startup_stm32f10x_md.o(.text)
    SPI2_IRQHandler                          0x0800011f   Thumb Code     0  startup_stm32f10x_md.o(.text)
    TAMPER_IRQHandler                        0x0800011f   Thumb Code     0  startup_stm32f10x_md.o(.text)
    TIM1_BRK_IRQHandler                      0x0800011f   Thumb Code     0  startup_stm32f10x_md.o(.text)
    TIM1_CC_IRQHandler                       0x0800011f   Thumb Code     0  startup_stm32f10x_md.o(.text)
    TIM1_TRG_COM_IRQHandler                  0x0800011f   Thumb Code     0  startup_stm32f10x_md.o(.text)
    TIM1_UP_IRQHandler                       0x0800011f   Thumb Code     0  startup_stm32f10x_md.o(.text)
    TIM2_IRQHandler                          0x0800011f   Thumb Code     0  startup_stm32f10x_md.o(.text)
    TIM3_IRQHandler                          0x0800011f   Thumb Code     0  startup_stm32f10x_md.o(.text)
    TIM4_IRQHandler                          0x0800011f   Thumb Code     0  startup_stm32f10x_md.o(.text)
    USART2_IRQHandler                        0x0800011f   Thumb Code     0  startup_stm32f10x_md.o(.text)
    USART3_IRQHandler                        0x0800011f   Thumb Code     0  startup_stm32f10x_md.o(.text)
    USBWakeUp_IRQHandler                     0x0800011f   Thumb Code     0  startup_stm32f10x_md.o(.text)
    USB_HP_CAN1_TX_IRQHandler                0x0800011f   Thumb Code     0  startup_stm32f10x_md.o(.text)
    USB_LP_CAN1_RX0_IRQHandler               0x0800011f   Thumb Code     0  startup_stm32f10x_md.o(.text)
    WWDG_IRQHandler                          0x0800011f   Thumb Code     0  startup_stm32f10x_md.o(.text)
    __aeabi_memcpy                           0x08000129   Thumb Code    36  memcpya.o(.text)
    __aeabi_memcpy4                          0x08000129   Thumb Code     0  memcpya.o(.text)
    __aeabi_memcpy8                          0x08000129   Thumb Code     0  memcpya.o(.text)
    __aeabi_memset                           0x0800014d   Thumb Code    14  memseta.o(.text)
    __aeabi_memset4                          0x0800014d   Thumb Code     0  memseta.o(.text)
    __aeabi_memset8                          0x0800014d   Thumb Code     0  memseta.o(.text)
    __aeabi_memclr                           0x0800015b   Thumb Code     4  memseta.o(.text)
    __aeabi_memclr4                          0x0800015b   Thumb Code     0  memseta.o(.text)
    __aeabi_memclr8                          0x0800015b   Thumb Code     0  memseta.o(.text)
    _memset$wrapper                          0x0800015f   Thumb Code    18  memseta.o(.text)
    strstr                                   0x08000171   Thumb Code    36  strstr.o(.text)
    strlen                                   0x08000195   Thumb Code    14  strlen.o(.text)
    __0sscanf                                0x080001a5   Thumb Code    48  __0sscanf.o(.text)
    _scanf_int                               0x080001dd   Thumb Code   332  _scanf_int.o(.text)
    __aeabi_fadd                             0x08000329   Thumb Code   164  fadd.o(.text)
    __aeabi_fsub                             0x080003cd   Thumb Code     6  fadd.o(.text)
    __aeabi_frsub                            0x080003d3   Thumb Code     6  fadd.o(.text)
    __aeabi_fmul                             0x080003d9   Thumb Code   100  fmul.o(.text)
    __aeabi_fdiv                             0x0800043d   Thumb Code   124  fdiv.o(.text)
    __aeabi_dadd                             0x080004b9   Thumb Code   322  dadd.o(.text)
    __aeabi_dsub                             0x080005fb   Thumb Code     6  dadd.o(.text)
    __aeabi_drsub                            0x08000601   Thumb Code     6  dadd.o(.text)
    __aeabi_dmul                             0x08000607   Thumb Code   228  dmul.o(.text)
    __aeabi_ddiv                             0x080006eb   Thumb Code   222  ddiv.o(.text)
    __aeabi_ui2f                             0x080007c9   Thumb Code    10  ffltui.o(.text)
    __aeabi_ui2d                             0x080007d3   Thumb Code    26  dfltui.o(.text)
    __aeabi_d2iz                             0x080007ed   Thumb Code    62  dfixi.o(.text)
    __aeabi_d2uiz                            0x0800082b   Thumb Code    50  dfixui.o(.text)
    __aeabi_f2d                              0x0800085d   Thumb Code    38  f2d.o(.text)
    __aeabi_cdrcmple                         0x08000885   Thumb Code    48  cdrcmple.o(.text)
    __aeabi_d2f                              0x080008b5   Thumb Code    56  d2f.o(.text)
    __aeabi_uidiv                            0x080008ed   Thumb Code     0  uidiv.o(.text)
    __aeabi_uidivmod                         0x080008ed   Thumb Code    44  uidiv.o(.text)
    __aeabi_uldivmod                         0x08000919   Thumb Code    98  uldiv.o(.text)
    __aeabi_llsl                             0x0800097b   Thumb Code    30  llshl.o(.text)
    _ll_shift_l                              0x0800097b   Thumb Code     0  llshl.o(.text)
    __aeabi_llsr                             0x08000999   Thumb Code    32  llushr.o(.text)
    _ll_ushift_r                             0x08000999   Thumb Code     0  llushr.o(.text)
    __aeabi_lasr                             0x080009b9   Thumb Code    36  llsshr.o(.text)
    _ll_sshift_r                             0x080009b9   Thumb Code     0  llsshr.o(.text)
    _chval                                   0x080009dd   Thumb Code    28  _chval.o(.text)
    __vfscanf_char                           0x08000a05   Thumb Code    20  scanf_char.o(.text)
    _sgetc                                   0x08000a21   Thumb Code    30  _sgetc.o(.text)
    _sbackspace                              0x08000a3f   Thumb Code    34  _sgetc.o(.text)
    __I$use$fp                               0x08000a61   Thumb Code     0  iusefp.o(.text)
    _float_round                             0x08000a61   Thumb Code    18  fepilogue.o(.text)
    _float_epilogue                          0x08000a73   Thumb Code    92  fepilogue.o(.text)
    _double_round                            0x08000acf   Thumb Code    30  depilogue.o(.text)
    _double_epilogue                         0x08000aed   Thumb Code   156  depilogue.o(.text)
    __aeabi_d2ulz                            0x08000b89   Thumb Code    48  dfixul.o(.text)
    __scatterload                            0x08000bb9   Thumb Code    28  init.o(.text)
    __scatterload_rt2                        0x08000bb9   Thumb Code     0  init.o(.text)
    isspace                                  0x08000bdd   Thumb Code    10  isspace_c.o(.text)
    __vfscanf                                0x08000be9   Thumb Code   810  _scanf.o(.text)
    __ctype_lookup                           0x08000f19   Thumb Code    34  ctype_c.o(.text)
    ADC_Cmd                                  0x08000f41   Thumb Code    24  stm32f10x_adc.o(i.ADC_Cmd)
    ADC_GetCalibrationStatus                 0x08000f59   Thumb Code    14  stm32f10x_adc.o(i.ADC_GetCalibrationStatus)
    ADC_GetConversionValue                   0x08000f67   Thumb Code     6  stm32f10x_adc.o(i.ADC_GetConversionValue)
    ADC_GetFlagStatus                        0x08000f6d   Thumb Code    14  stm32f10x_adc.o(i.ADC_GetFlagStatus)
    ADC_GetResetCalibrationStatus            0x08000f7b   Thumb Code    14  stm32f10x_adc.o(i.ADC_GetResetCalibrationStatus)
    ADC_Init                                 0x08000f89   Thumb Code    62  stm32f10x_adc.o(i.ADC_Init)
    ADC_RegularChannelConfig                 0x08000fd1   Thumb Code   116  stm32f10x_adc.o(i.ADC_RegularChannelConfig)
    ADC_ResetCalibration                     0x08001045   Thumb Code    10  stm32f10x_adc.o(i.ADC_ResetCalibration)
    ADC_SoftwareStartConvCmd                 0x0800104f   Thumb Code    24  stm32f10x_adc.o(i.ADC_SoftwareStartConvCmd)
    ADC_StartCalibration                     0x08001067   Thumb Code    10  stm32f10x_adc.o(i.ADC_StartCalibration)
    App_HandleSensorError                    0x08001119   Thumb Code    76  app.o(i.App_HandleSensorError)
    App_Init                                 0x080011a5   Thumb Code    46  app.o(i.App_Init)
    App_MainLoop                             0x080011e5   Thumb Code    18  app.o(i.App_MainLoop)
    App_ProcessSensorData                    0x080011f9   Thumb Code   154  app.o(i.App_ProcessSensorData)
    App_UploadData                           0x080012b9   Thumb Code   204  app.o(i.App_UploadData)
    BusFault_Handler                         0x08001439   Thumb Code     2  stm32f10x_it.o(i.BusFault_Handler)
    Buzzer_Control                           0x0800143d   Thumb Code    86  buzzer.o(i.Buzzer_Control)
    Buzzer_Init                              0x08001499   Thumb Code    48  buzzer.o(i.Buzzer_Init)
    Buzzer_OFF                               0x080014cd   Thumb Code    10  buzzer.o(i.Buzzer_OFF)
    Buzzer_ON                                0x080014dd   Thumb Code    10  buzzer.o(i.Buzzer_ON)
    DHT_Filter_Init                          0x0800151d   Thumb Code   344  dht11.o(i.DHT_Filter_Init)
    DHT_GPIO_Init                            0x08001699   Thumb Code    52  dht11.o(i.DHT_GPIO_Init)
    DHT_GetProcessedData                     0x080016d1   Thumb Code    44  dht11.o(i.DHT_GetProcessedData)
    DHT_Get_Byte_Data                        0x08001701   Thumb Code   122  dht11.o(i.DHT_Get_Byte_Data)
    DHT_Get_Filtered_Data                    0x08001781   Thumb Code   280  dht11.o(i.DHT_Get_Filtered_Data)
    DHT_Get_Temp_Humi_Data                   0x080018a9   Thumb Code    78  dht11.o(i.DHT_Get_Temp_Humi_Data)
    DHT_Start                                0x080018f9   Thumb Code   154  dht11.o(i.DHT_Start)
    DebugMon_Handler                         0x08001999   Thumb Code     2  stm32f10x_it.o(i.DebugMon_Handler)
    Delay_ms                                 0x0800199b   Thumb Code    24  delay.o(i.Delay_ms)
    Delay_us                                 0x080019b3   Thumb Code    32  delay.o(i.Delay_us)
    ESP8266_Init                             0x080019d5   Thumb Code   114  esp8266.o(i.ESP8266_Init)
    ESP8266_Receive_http_response            0x08001a55   Thumb Code   124  esp8266.o(i.ESP8266_Receive_http_response)
    ESP8266_Restart                          0x08001ae9   Thumb Code    38  esp8266.o(i.ESP8266_Restart)
    ESP8266_Send_http_post                   0x08001b21   Thumb Code    40  esp8266.o(i.ESP8266_Send_http_post)
    GPIO_Init                                0x08001bab   Thumb Code   166  stm32f10x_gpio.o(i.GPIO_Init)
    GPIO_ReadInputDataBit                    0x08001c51   Thumb Code    14  stm32f10x_gpio.o(i.GPIO_ReadInputDataBit)
    GPIO_ResetBits                           0x08001c5f   Thumb Code     4  stm32f10x_gpio.o(i.GPIO_ResetBits)
    GPIO_SetBits                             0x08001c63   Thumb Code     4  stm32f10x_gpio.o(i.GPIO_SetBits)
    GPIO_WriteBit                            0x08001c67   Thumb Code    12  stm32f10x_gpio.o(i.GPIO_WriteBit)
    HardFault_Handler                        0x08001c73   Thumb Code     2  stm32f10x_it.o(i.HardFault_Handler)
    KalmanFilter_Init                        0x08001c75   Thumb Code    32  kalman.o(i.KalmanFilter_Init)
    KalmanFilter_Update                      0x08001c99   Thumb Code   128  kalman.o(i.KalmanFilter_Update)
    Light_Get                                0x08001d1d   Thumb Code    62  light.o(i.Light_Get)
    Light_Init                               0x08001d6d   Thumb Code    84  light.o(i.Light_Init)
    MemManage_Handler                        0x08001dd9   Thumb Code     2  stm32f10x_it.o(i.MemManage_Handler)
    NMI_Handler                              0x08001ddb   Thumb Code     2  stm32f10x_it.o(i.NMI_Handler)
    NVIC_Init                                0x08001ddd   Thumb Code    96  misc.o(i.NVIC_Init)
    NVIC_PriorityGroupConfig                 0x08001e41   Thumb Code    10  misc.o(i.NVIC_PriorityGroupConfig)
    OLED_Clear                               0x08001e55   Thumb Code    38  oled.o(i.OLED_Clear)
    OLED_I2C_Init                            0x08001e7d   Thumb Code    74  oled.o(i.OLED_I2C_Init)
    OLED_I2C_SendByte                        0x08001ecd   Thumb Code    78  oled.o(i.OLED_I2C_SendByte)
    OLED_I2C_Start                           0x08001f21   Thumb Code    48  oled.o(i.OLED_I2C_Start)
    OLED_I2C_Stop                            0x08001f55   Thumb Code    38  oled.o(i.OLED_I2C_Stop)
    OLED_Init                                0x08001f81   Thumb Code   172  oled.o(i.OLED_Init)
    OLED_SetCursor                           0x0800202d   Thumb Code    34  oled.o(i.OLED_SetCursor)
    OLED_ShowChar                            0x08002051   Thumb Code    82  oled.o(i.OLED_ShowChar)
    OLED_ShowString                          0x080020a9   Thumb Code    38  oled.o(i.OLED_ShowString)
    OLED_WriteCommand                        0x080020cf   Thumb Code    34  oled.o(i.OLED_WriteCommand)
    OLED_WriteData                           0x080020f1   Thumb Code    34  oled.o(i.OLED_WriteData)
    PendSV_Handler                           0x08002113   Thumb Code     2  stm32f10x_it.o(i.PendSV_Handler)
    RCC_ADCCLKConfig                         0x08002115   Thumb Code    14  stm32f10x_rcc.o(i.RCC_ADCCLKConfig)
    RCC_APB2PeriphClockCmd                   0x08002129   Thumb Code    22  stm32f10x_rcc.o(i.RCC_APB2PeriphClockCmd)
    RCC_GetClocksFreq                        0x08002145   Thumb Code   154  stm32f10x_rcc.o(i.RCC_GetClocksFreq)
    SVC_Handler                              0x080021f1   Thumb Code     2  stm32f10x_it.o(i.SVC_Handler)
    Serial_Init                              0x080021f5   Thumb Code   168  esp8266.o(i.Serial_Init)
    Serial_SendByte                          0x080022a5   Thumb Code    26  esp8266.o(i.Serial_SendByte)
    SysTick_Handler                          0x08002379   Thumb Code     2  stm32f10x_it.o(i.SysTick_Handler)
    SystemInit                               0x0800237d   Thumb Code    64  system_stm32f10x.o(i.SystemInit)
    USART1_IRQHandler                        0x080023cd   Thumb Code    50  esp8266.o(i.USART1_IRQHandler)
    USART1_ReadByte                          0x0800240d   Thumb Code    34  esp8266.o(i.USART1_ReadByte)
    USART_Cmd                                0x08002439   Thumb Code    24  stm32f10x_usart.o(i.USART_Cmd)
    USART_GetFlagStatus                      0x08002451   Thumb Code    14  stm32f10x_usart.o(i.USART_GetFlagStatus)
    USART_GetITStatus                        0x0800245f   Thumb Code    64  stm32f10x_usart.o(i.USART_GetITStatus)
    USART_ITConfig                           0x0800249f   Thumb Code    54  stm32f10x_usart.o(i.USART_ITConfig)
    USART_Init                               0x080024d5   Thumb Code   182  stm32f10x_usart.o(i.USART_Init)
    USART_ReceiveData                        0x08002591   Thumb Code     8  stm32f10x_usart.o(i.USART_ReceiveData)
    USART_SendData                           0x08002599   Thumb Code     8  stm32f10x_usart.o(i.USART_SendData)
    UsageFault_Handler                       0x080025a1   Thumb Code     2  stm32f10x_it.o(i.UsageFault_Handler)
    __0printf                                0x080025a5   Thumb Code    22  printfa.o(i.__0printf)
    __1printf                                0x080025a5   Thumb Code     0  printfa.o(i.__0printf)
    __2printf                                0x080025a5   Thumb Code     0  printfa.o(i.__0printf)
    __c89printf                              0x080025a5   Thumb Code     0  printfa.o(i.__0printf)
    printf                                   0x080025a5   Thumb Code     0  printfa.o(i.__0printf)
    __0sprintf                               0x080025c5   Thumb Code    34  printfa.o(i.__0sprintf)
    __1sprintf                               0x080025c5   Thumb Code     0  printfa.o(i.__0sprintf)
    __2sprintf                               0x080025c5   Thumb Code     0  printfa.o(i.__0sprintf)
    __c89sprintf                             0x080025c5   Thumb Code     0  printfa.o(i.__0sprintf)
    sprintf                                  0x080025c5   Thumb Code     0  printfa.o(i.__0sprintf)
    __scatterload_copy                       0x080025ed   Thumb Code    14  handlers.o(i.__scatterload_copy)
    __scatterload_null                       0x080025fb   Thumb Code     2  handlers.o(i.__scatterload_null)
    __scatterload_zeroinit                   0x080025fd   Thumb Code    14  handlers.o(i.__scatterload_zeroinit)
    fputc                                    0x08002ea1   Thumb Code    14  esp8266.o(i.fputc)
    main                                     0x08002eaf   Thumb Code    10  main.o(i.main)
    OLED_F8x16                               0x08002ed0   Data        1520  oled.o(.constdata)
    __ctype_categories                       0x080034d0   Data          64  ctype_c.o(.constdata)
    Region$$Table$$Base                      0x080035e8   Number         0  anon$$obj.o(Region$$Table)
    Region$$Table$$Limit                     0x08003608   Number         0  anon$$obj.o(Region$$Table)
    USART1_RxHead                            0x20000030   Data           2  esp8266.o(.data)
    USART1_RxTail                            0x20000032   Data           2  esp8266.o(.data)
    __stdout                                 0x2000003c   Data           4  stdout.o(.data)
    USART1_RxBuffer                          0x200000b8   Data         256  esp8266.o(.bss)
    __initial_sp                             0x200005b8   Data           0  startup_stm32f10x_md.o(STACK)



==============================================================================

Memory Map of the image

  Image Entry point : 0x080000ed

  Load Region LR_IROM1 (Base: 0x08000000, Size: 0x00003648, Max: 0x00010000, ABSOLUTE)

    Execution Region ER_IROM1 (Exec base: 0x08000000, Load base: 0x08000000, Size: 0x00003608, Max: 0x00010000, ABSOLUTE)

    Exec Addr    Load Addr    Size         Type   Attr      Idx    E Section Name        Object

    0x08000000   0x08000000   0x000000ec   Data   RO            3    RESET               startup_stm32f10x_md.o
    0x080000ec   0x080000ec   0x00000000   Code   RO         3746  * .ARM.Collect$$$$00000000  mc_w.l(entry.o)
    0x080000ec   0x080000ec   0x00000004   Code   RO         4050    .ARM.Collect$$$$00000001  mc_w.l(entry2.o)
    0x080000f0   0x080000f0   0x00000004   Code   RO         4053    .ARM.Collect$$$$00000004  mc_w.l(entry5.o)
    0x080000f4   0x080000f4   0x00000000   Code   RO         4055    .ARM.Collect$$$$00000008  mc_w.l(entry7b.o)
    0x080000f4   0x080000f4   0x00000000   Code   RO         4057    .ARM.Collect$$$$0000000A  mc_w.l(entry8b.o)
    0x080000f4   0x080000f4   0x00000008   Code   RO         4058    .ARM.Collect$$$$0000000B  mc_w.l(entry9a.o)
    0x080000fc   0x080000fc   0x00000004   Code   RO         4065    .ARM.Collect$$$$0000000E  mc_w.l(entry12b.o)
    0x08000100   0x08000100   0x00000000   Code   RO         4060    .ARM.Collect$$$$0000000F  mc_w.l(entry10a.o)
    0x08000100   0x08000100   0x00000000   Code   RO         4062    .ARM.Collect$$$$00000011  mc_w.l(entry11a.o)
    0x08000100   0x08000100   0x00000004   Code   RO         4051    .ARM.Collect$$$$00002712  mc_w.l(entry2.o)
    0x08000104   0x08000104   0x00000024   Code   RO            4    .text               startup_stm32f10x_md.o
    0x08000128   0x08000128   0x00000024   Code   RO         3749    .text               mc_w.l(memcpya.o)
    0x0800014c   0x0800014c   0x00000024   Code   RO         3751    .text               mc_w.l(memseta.o)
    0x08000170   0x08000170   0x00000024   Code   RO         3753    .text               mc_w.l(strstr.o)
    0x08000194   0x08000194   0x0000000e   Code   RO         3755    .text               mc_w.l(strlen.o)
    0x080001a2   0x080001a2   0x00000002   PAD
    0x080001a4   0x080001a4   0x00000038   Code   RO         4020    .text               mc_w.l(__0sscanf.o)
    0x080001dc   0x080001dc   0x0000014c   Code   RO         4022    .text               mc_w.l(_scanf_int.o)
    0x08000328   0x08000328   0x000000b0   Code   RO         4024    .text               mf_w.l(fadd.o)
    0x080003d8   0x080003d8   0x00000064   Code   RO         4026    .text               mf_w.l(fmul.o)
    0x0800043c   0x0800043c   0x0000007c   Code   RO         4028    .text               mf_w.l(fdiv.o)
    0x080004b8   0x080004b8   0x0000014e   Code   RO         4030    .text               mf_w.l(dadd.o)
    0x08000606   0x08000606   0x000000e4   Code   RO         4032    .text               mf_w.l(dmul.o)
    0x080006ea   0x080006ea   0x000000de   Code   RO         4034    .text               mf_w.l(ddiv.o)
    0x080007c8   0x080007c8   0x0000000a   Code   RO         4036    .text               mf_w.l(ffltui.o)
    0x080007d2   0x080007d2   0x0000001a   Code   RO         4038    .text               mf_w.l(dfltui.o)
    0x080007ec   0x080007ec   0x0000003e   Code   RO         4040    .text               mf_w.l(dfixi.o)
    0x0800082a   0x0800082a   0x00000032   Code   RO         4042    .text               mf_w.l(dfixui.o)
    0x0800085c   0x0800085c   0x00000026   Code   RO         4044    .text               mf_w.l(f2d.o)
    0x08000882   0x08000882   0x00000002   PAD
    0x08000884   0x08000884   0x00000030   Code   RO         4046    .text               mf_w.l(cdrcmple.o)
    0x080008b4   0x080008b4   0x00000038   Code   RO         4048    .text               mf_w.l(d2f.o)
    0x080008ec   0x080008ec   0x0000002c   Code   RO         4067    .text               mc_w.l(uidiv.o)
    0x08000918   0x08000918   0x00000062   Code   RO         4069    .text               mc_w.l(uldiv.o)
    0x0800097a   0x0800097a   0x0000001e   Code   RO         4071    .text               mc_w.l(llshl.o)
    0x08000998   0x08000998   0x00000020   Code   RO         4073    .text               mc_w.l(llushr.o)
    0x080009b8   0x080009b8   0x00000024   Code   RO         4075    .text               mc_w.l(llsshr.o)
    0x080009dc   0x080009dc   0x0000001c   Code   RO         4077    .text               mc_w.l(_chval.o)
    0x080009f8   0x080009f8   0x00000028   Code   RO         4079    .text               mc_w.l(scanf_char.o)
    0x08000a20   0x08000a20   0x00000040   Code   RO         4081    .text               mc_w.l(_sgetc.o)
    0x08000a60   0x08000a60   0x00000000   Code   RO         4083    .text               mc_w.l(iusefp.o)
    0x08000a60   0x08000a60   0x0000006e   Code   RO         4084    .text               mf_w.l(fepilogue.o)
    0x08000ace   0x08000ace   0x000000ba   Code   RO         4086    .text               mf_w.l(depilogue.o)
    0x08000b88   0x08000b88   0x00000030   Code   RO         4088    .text               mf_w.l(dfixul.o)
    0x08000bb8   0x08000bb8   0x00000024   Code   RO         4090    .text               mc_w.l(init.o)
    0x08000bdc   0x08000bdc   0x0000000a   Code   RO         4092    .text               mc_w.l(isspace_c.o)
    0x08000be6   0x08000be6   0x00000002   PAD
    0x08000be8   0x08000be8   0x00000330   Code   RO         4094    .text               mc_w.l(_scanf.o)
    0x08000f18   0x08000f18   0x00000028   Code   RO         4096    .text               mc_w.l(ctype_c.o)
    0x08000f40   0x08000f40   0x00000018   Code   RO          183    i.ADC_Cmd           stm32f10x_adc.o
    0x08000f58   0x08000f58   0x0000000e   Code   RO          191    i.ADC_GetCalibrationStatus  stm32f10x_adc.o
    0x08000f66   0x08000f66   0x00000006   Code   RO          192    i.ADC_GetConversionValue  stm32f10x_adc.o
    0x08000f6c   0x08000f6c   0x0000000e   Code   RO          194    i.ADC_GetFlagStatus  stm32f10x_adc.o
    0x08000f7a   0x08000f7a   0x0000000e   Code   RO          197    i.ADC_GetResetCalibrationStatus  stm32f10x_adc.o
    0x08000f88   0x08000f88   0x00000048   Code   RO          201    i.ADC_Init          stm32f10x_adc.o
    0x08000fd0   0x08000fd0   0x00000074   Code   RO          205    i.ADC_RegularChannelConfig  stm32f10x_adc.o
    0x08001044   0x08001044   0x0000000a   Code   RO          206    i.ADC_ResetCalibration  stm32f10x_adc.o
    0x0800104e   0x0800104e   0x00000018   Code   RO          208    i.ADC_SoftwareStartConvCmd  stm32f10x_adc.o
    0x08001066   0x08001066   0x0000000a   Code   RO          210    i.ADC_StartCalibration  stm32f10x_adc.o
    0x08001070   0x08001070   0x00000034   Code   RO         3282    i.AD_GetValue       light.o
    0x080010a4   0x080010a4   0x00000074   Code   RO         3283    i.AD_Init           light.o
    0x08001118   0x08001118   0x0000008c   Code   RO         3677    i.App_HandleSensorError  app.o
    0x080011a4   0x080011a4   0x00000040   Code   RO         3678    i.App_Init          app.o
    0x080011e4   0x080011e4   0x00000012   Code   RO         3679    i.App_MainLoop      app.o
    0x080011f6   0x080011f6   0x00000002   PAD
    0x080011f8   0x080011f8   0x000000c0   Code   RO         3680    i.App_ProcessSensorData  app.o
    0x080012b8   0x080012b8   0x00000180   Code   RO         3681    i.App_UploadData    app.o
    0x08001438   0x08001438   0x00000002   Code   RO         3614    i.BusFault_Handler  stm32f10x_it.o
    0x0800143a   0x0800143a   0x00000002   PAD
    0x0800143c   0x0800143c   0x0000005c   Code   RO         3320    i.Buzzer_Control    buzzer.o
    0x08001498   0x08001498   0x00000034   Code   RO         3321    i.Buzzer_Init       buzzer.o
    0x080014cc   0x080014cc   0x00000010   Code   RO         3322    i.Buzzer_OFF        buzzer.o
    0x080014dc   0x080014dc   0x00000010   Code   RO         3323    i.Buzzer_ON         buzzer.o
    0x080014ec   0x080014ec   0x00000030   Code   RO         3326    i.Buzzer_UpdateIntermittent  buzzer.o
    0x0800151c   0x0800151c   0x0000017c   Code   RO         3132    i.DHT_Filter_Init   dht11.o
    0x08001698   0x08001698   0x00000038   Code   RO         3133    i.DHT_GPIO_Init     dht11.o
    0x080016d0   0x080016d0   0x00000030   Code   RO         3134    i.DHT_GetProcessedData  dht11.o
    0x08001700   0x08001700   0x00000080   Code   RO         3135    i.DHT_Get_Byte_Data  dht11.o
    0x08001780   0x08001780   0x00000128   Code   RO         3136    i.DHT_Get_Filtered_Data  dht11.o
    0x080018a8   0x080018a8   0x0000004e   Code   RO         3137    i.DHT_Get_Temp_Humi_Data  dht11.o
    0x080018f6   0x080018f6   0x00000002   PAD
    0x080018f8   0x080018f8   0x000000a0   Code   RO         3138    i.DHT_Start         dht11.o
    0x08001998   0x08001998   0x00000002   Code   RO         3615    i.DebugMon_Handler  stm32f10x_it.o
    0x0800199a   0x0800199a   0x00000018   Code   RO         3108    i.Delay_ms          delay.o
    0x080019b2   0x080019b2   0x00000020   Code   RO         3110    i.Delay_us          delay.o
    0x080019d2   0x080019d2   0x00000002   PAD
    0x080019d4   0x080019d4   0x00000080   Code   RO         3494    i.ESP8266_Init      esp8266.o
    0x08001a54   0x08001a54   0x00000094   Code   RO         3495    i.ESP8266_Receive_http_response  esp8266.o
    0x08001ae8   0x08001ae8   0x00000038   Code   RO         3496    i.ESP8266_Restart   esp8266.o
    0x08001b20   0x08001b20   0x0000002c   Code   RO         3497    i.ESP8266_Send_http_post  esp8266.o
    0x08001b4c   0x08001b4c   0x0000005e   Code   RO         3498    i.ESP8266_WaitForResponse  esp8266.o
    0x08001baa   0x08001baa   0x000000a6   Code   RO         1292    i.GPIO_Init         stm32f10x_gpio.o
    0x08001c50   0x08001c50   0x0000000e   Code   RO         1296    i.GPIO_ReadInputDataBit  stm32f10x_gpio.o
    0x08001c5e   0x08001c5e   0x00000004   Code   RO         1299    i.GPIO_ResetBits    stm32f10x_gpio.o
    0x08001c62   0x08001c62   0x00000004   Code   RO         1300    i.GPIO_SetBits      stm32f10x_gpio.o
    0x08001c66   0x08001c66   0x0000000c   Code   RO         1303    i.GPIO_WriteBit     stm32f10x_gpio.o
    0x08001c72   0x08001c72   0x00000002   Code   RO         3616    i.HardFault_Handler  stm32f10x_it.o
    0x08001c74   0x08001c74   0x00000024   Code   RO         3578    i.KalmanFilter_Init  kalman.o
    0x08001c98   0x08001c98   0x00000084   Code   RO         3579    i.KalmanFilter_Update  kalman.o
    0x08001d1c   0x08001d1c   0x00000050   Code   RO         3284    i.Light_Get         light.o
    0x08001d6c   0x08001d6c   0x0000006c   Code   RO         3285    i.Light_Init        light.o
    0x08001dd8   0x08001dd8   0x00000002   Code   RO         3617    i.MemManage_Handler  stm32f10x_it.o
    0x08001dda   0x08001dda   0x00000002   Code   RO         3618    i.NMI_Handler       stm32f10x_it.o
    0x08001ddc   0x08001ddc   0x00000064   Code   RO          137    i.NVIC_Init         misc.o
    0x08001e40   0x08001e40   0x00000014   Code   RO          138    i.NVIC_PriorityGroupConfig  misc.o
    0x08001e54   0x08001e54   0x00000026   Code   RO         3383    i.OLED_Clear        oled.o
    0x08001e7a   0x08001e7a   0x00000002   PAD
    0x08001e7c   0x08001e7c   0x00000050   Code   RO         3384    i.OLED_I2C_Init     oled.o
    0x08001ecc   0x08001ecc   0x00000054   Code   RO         3385    i.OLED_I2C_SendByte  oled.o
    0x08001f20   0x08001f20   0x00000034   Code   RO         3386    i.OLED_I2C_Start    oled.o
    0x08001f54   0x08001f54   0x0000002c   Code   RO         3387    i.OLED_I2C_Stop     oled.o
    0x08001f80   0x08001f80   0x000000ac   Code   RO         3388    i.OLED_Init         oled.o
    0x0800202c   0x0800202c   0x00000022   Code   RO         3390    i.OLED_SetCursor    oled.o
    0x0800204e   0x0800204e   0x00000002   PAD
    0x08002050   0x08002050   0x00000058   Code   RO         3392    i.OLED_ShowChar     oled.o
    0x080020a8   0x080020a8   0x00000026   Code   RO         3396    i.OLED_ShowString   oled.o
    0x080020ce   0x080020ce   0x00000022   Code   RO         3397    i.OLED_WriteCommand  oled.o
    0x080020f0   0x080020f0   0x00000022   Code   RO         3398    i.OLED_WriteData    oled.o
    0x08002112   0x08002112   0x00000002   Code   RO         3619    i.PendSV_Handler    stm32f10x_it.o
    0x08002114   0x08002114   0x00000014   Code   RO         1706    i.RCC_ADCCLKConfig  stm32f10x_rcc.o
    0x08002128   0x08002128   0x0000001c   Code   RO         1710    i.RCC_APB2PeriphClockCmd  stm32f10x_rcc.o
    0x08002144   0x08002144   0x000000ac   Code   RO         1718    i.RCC_GetClocksFreq  stm32f10x_rcc.o
    0x080021f0   0x080021f0   0x00000002   Code   RO         3620    i.SVC_Handler       stm32f10x_it.o
    0x080021f2   0x080021f2   0x00000002   PAD
    0x080021f4   0x080021f4   0x000000b0   Code   RO         3499    i.Serial_Init       esp8266.o
    0x080022a4   0x080022a4   0x00000020   Code   RO         3500    i.Serial_SendByte   esp8266.o
    0x080022c4   0x080022c4   0x00000004   Code   RO           24    i.SetSysClock       system_stm32f10x.o
    0x080022c8   0x080022c8   0x000000b0   Code   RO           25    i.SetSysClockTo72   system_stm32f10x.o
    0x08002378   0x08002378   0x00000002   Code   RO         3621    i.SysTick_Handler   stm32f10x_it.o
    0x0800237a   0x0800237a   0x00000002   PAD
    0x0800237c   0x0800237c   0x00000050   Code   RO           27    i.SystemInit        system_stm32f10x.o
    0x080023cc   0x080023cc   0x00000040   Code   RO         3501    i.USART1_IRQHandler  esp8266.o
    0x0800240c   0x0800240c   0x0000002c   Code   RO         3502    i.USART1_ReadByte   esp8266.o
    0x08002438   0x08002438   0x00000018   Code   RO         2878    i.USART_Cmd         stm32f10x_usart.o
    0x08002450   0x08002450   0x0000000e   Code   RO         2881    i.USART_GetFlagStatus  stm32f10x_usart.o
    0x0800245e   0x0800245e   0x00000040   Code   RO         2882    i.USART_GetITStatus  stm32f10x_usart.o
    0x0800249e   0x0800249e   0x00000036   Code   RO         2884    i.USART_ITConfig    stm32f10x_usart.o
    0x080024d4   0x080024d4   0x000000bc   Code   RO         2885    i.USART_Init        stm32f10x_usart.o
    0x08002590   0x08002590   0x00000008   Code   RO         2892    i.USART_ReceiveData  stm32f10x_usart.o
    0x08002598   0x08002598   0x00000008   Code   RO         2895    i.USART_SendData    stm32f10x_usart.o
    0x080025a0   0x080025a0   0x00000002   Code   RO         3622    i.UsageFault_Handler  stm32f10x_it.o
    0x080025a2   0x080025a2   0x00000002   PAD
    0x080025a4   0x080025a4   0x00000020   Code   RO         3992    i.__0printf         mc_w.l(printfa.o)
    0x080025c4   0x080025c4   0x00000028   Code   RO         3994    i.__0sprintf        mc_w.l(printfa.o)
    0x080025ec   0x080025ec   0x0000000e   Code   RO         4101    i.__scatterload_copy  mc_w.l(handlers.o)
    0x080025fa   0x080025fa   0x00000002   Code   RO         4102    i.__scatterload_null  mc_w.l(handlers.o)
    0x080025fc   0x080025fc   0x0000000e   Code   RO         4103    i.__scatterload_zeroinit  mc_w.l(handlers.o)
    0x0800260a   0x0800260a   0x00000002   PAD
    0x0800260c   0x0800260c   0x00000184   Code   RO         3999    i._fp_digits        mc_w.l(printfa.o)
    0x08002790   0x08002790   0x000006b4   Code   RO         4000    i._printf_core      mc_w.l(printfa.o)
    0x08002e44   0x08002e44   0x00000024   Code   RO         4001    i._printf_post_padding  mc_w.l(printfa.o)
    0x08002e68   0x08002e68   0x0000002e   Code   RO         4002    i._printf_pre_padding  mc_w.l(printfa.o)
    0x08002e96   0x08002e96   0x0000000a   Code   RO         4004    i._sputc            mc_w.l(printfa.o)
    0x08002ea0   0x08002ea0   0x0000000e   Code   RO         3503    i.fputc             esp8266.o
    0x08002eae   0x08002eae   0x0000000a   Code   RO         3596    i.main              main.o
    0x08002eb8   0x08002eb8   0x00000018   Data   RO         3287    .constdata          light.o
    0x08002ed0   0x08002ed0   0x000005f0   Data   RO         3399    .constdata          oled.o
    0x080034c0   0x080034c0   0x00000010   Data   RO         3505    .constdata          esp8266.o
    0x080034d0   0x080034d0   0x00000040   Data   RO         4097    .constdata          mc_w.l(ctype_c.o)
    0x08003510   0x08003510   0x000000d8   Data   RO         3506    .conststring        esp8266.o
    0x080035e8   0x080035e8   0x00000020   Data   RO         4099    Region$$Table       anon$$obj.o


    Execution Region RW_IRAM1 (Exec base: 0x20000000, Load base: 0x08003608, Size: 0x000005b8, Max: 0x00005000, ABSOLUTE)

    Exec Addr    Load Addr    Size         Type   Attr      Idx    E Section Name        Object

    0x20000000   0x08003608   0x00000014   Data   RW         1738    .data               stm32f10x_rcc.o
    0x20000014   0x0800361c   0x00000001   Data   RW         3140    .data               dht11.o
    0x20000015   0x0800361d   0x00000003   PAD
    0x20000018   0x08003620   0x00000018   Data   RW         3327    .data               buzzer.o
    0x20000030   0x08003638   0x00000004   Data   RW         3507    .data               esp8266.o
    0x20000034   0x0800363c   0x00000008   Data   RW         3682    .data               app.o
    0x2000003c   0x08003644   0x00000004   Data   RW         4066    .data               mc_w.l(stdout.o)
    0x20000040        -       0x00000050   Zero   RW         3139    .bss                dht11.o
    0x20000090        -       0x00000028   Zero   RW         3286    .bss                light.o
    0x200000b8        -       0x00000100   Zero   RW         3504    .bss                esp8266.o
    0x200001b8        -       0x00000400   Zero   RW            1    STACK               startup_stm32f10x_md.o


==============================================================================

Image component sizes


      Code (inc. data)   RO Data    RW Data    ZI Data      Debug   Object Name

       798        300          0          8          0       3803   app.o
       224         28          0         24          0       3400   buzzer.o
         0          0          0          0          0       4508   core_cm3.o
        56          0          0          0          0        882   delay.o
      1146         72          0          1         80      15126   dht11.o
       800         98        232          4        256       9542   esp8266.o
       168          8          0          0          0       1698   kalman.o
       356         62         24          0         40       2753   light.o
        10          0          0          0          0        391   main.o
       120         14          0          0          0       1511   misc.o
       698         28       1520          0          0       6355   oled.o
        36          8        236          0       1024        792   startup_stm32f10x_md.o
       304         10          0          0          0       7773   stm32f10x_adc.o
       200          0          0          0          0       4088   stm32f10x_gpio.o
        18          0          0          0          0       3498   stm32f10x_it.o
       220         30          0         20          0       4376   stm32f10x_rcc.o
       360          6          0          0          0       6121   stm32f10x_usart.o
       260         26          0          0          0     237081   system_stm32f10x.o

    ----------------------------------------------------------------------
      5792        690       2044         60       1400     313698   Object Totals
         0          0         32          0          0          0   (incl. Generated)
        18          0          0          3          0          0   (incl. Padding)

    ----------------------------------------------------------------------

      Code (inc. data)   RO Data    RW Data    ZI Data      Debug   Library Member Name

        56          8          0          0          0         84   __0sscanf.o
        28          0          0          0          0         68   _chval.o
       816          6          0          0          0        112   _scanf.o
       332          0          0          0          0         96   _scanf_int.o
        64          0          0          0          0         84   _sgetc.o
        40          6         64          0          0         68   ctype_c.o
         0          0          0          0          0          0   entry.o
         0          0          0          0          0          0   entry10a.o
         0          0          0          0          0          0   entry11a.o
         4          0          0          0          0          0   entry12b.o
         8          4          0          0          0          0   entry2.o
         4          0          0          0          0          0   entry5.o
         0          0          0          0          0          0   entry7b.o
         0          0          0          0          0          0   entry8b.o
         8          4          0          0          0          0   entry9a.o
        30          0          0          0          0          0   handlers.o
        36          8          0          0          0         68   init.o
        10          0          0          0          0         68   isspace_c.o
         0          0          0          0          0          0   iusefp.o
        30          0          0          0          0         68   llshl.o
        36          0          0          0          0         68   llsshr.o
        32          0          0          0          0         68   llushr.o
        36          0          0          0          0         68   memcpya.o
        36          0          0          0          0        108   memseta.o
      2268         96          0          0          0        616   printfa.o
        40          8          0          0          0         84   scanf_char.o
         0          0          0          4          0          0   stdout.o
        14          0          0          0          0         68   strlen.o
        36          0          0          0          0         80   strstr.o
        44          0          0          0          0         80   uidiv.o
        98          0          0          0          0         92   uldiv.o
        48          0          0          0          0         68   cdrcmple.o
        56          0          0          0          0         88   d2f.o
       334          0          0          0          0        148   dadd.o
       222          0          0          0          0        100   ddiv.o
       186          0          0          0          0        176   depilogue.o
        62          0          0          0          0         80   dfixi.o
        50          0          0          0          0         76   dfixui.o
        48          0          0          0          0         68   dfixul.o
        26          0          0          0          0         76   dfltui.o
       228          0          0          0          0         96   dmul.o
        38          0          0          0          0         68   f2d.o
       176          0          0          0          0        140   fadd.o
       124          0          0          0          0         88   fdiv.o
       110          0          0          0          0        168   fepilogue.o
        10          0          0          0          0         68   ffltui.o
       100          0          0          0          0         76   fmul.o

    ----------------------------------------------------------------------
      5932        140         64          4          0       3632   Library Totals
         8          0          0          0          0          0   (incl. Padding)

    ----------------------------------------------------------------------

      Code (inc. data)   RO Data    RW Data    ZI Data      Debug   Library Name

      4106        140         64          4          0       2048   mc_w.l
      1818          0          0          0          0       1584   mf_w.l

    ----------------------------------------------------------------------
      5932        140         64          4          0       3632   Library Totals

    ----------------------------------------------------------------------

==============================================================================


      Code (inc. data)   RO Data    RW Data    ZI Data      Debug   

     11724        830       2108         64       1400     311242   Grand Totals
     11724        830       2108         64       1400     311242   ELF Image Totals
     11724        830       2108         64          0          0   ROM Totals

==============================================================================

    Total RO  Size (Code + RO Data)                13832 (  13.51kB)
    Total RW  Size (RW Data + ZI Data)              1464 (   1.43kB)
    Total ROM Size (Code + RO Data + RW Data)      13896 (  13.57kB)

==============================================================================

